core_cm4.h:2064:26:ITM_SendChar	16	static,ignoring_inline_asm
main.c:68:5:main	8	static
main.c:114:6:SystemClock_Config	88	static
main.c:153:13:MX_SPI1_Init	8	static
main.c:190:13:MX_GPIO_Init	24	static
main.c:201:5:_write	32	static
main.c:210:6:HAL_SPI_RxCpltCallback	16	static
main.c:216:6:HAL_SPI_TxCpltCallback	16	static
main.c:222:6:HAL_SPI_TxRxCpltCallback	16	static
main.c:228:6:HAL_SPI_TxHalfCpltCallback	16	static
main.c:234:6:HAL_SPI_RxHalfCpltCallback	16	static
main.c:240:6:HAL_SPI_TxRxHalfCpltCallback	16	static
main.c:246:6:HAL_SPI_ErrorCallback	16	static
main.c:252:6:HAL_SPI_AbortCpltCallback	16	static
main.c:264:6:Error_Handler	4	static
