23:49:58 **** Incremental Build of configuration Debug for project F407VE_UART_Test ****
make -j4 all 
arm-none-eabi-gcc "../Core/Src/main.c" -mcpu=cortex-m4 -std=gnu11 -g3 -DUSE_HAL_DRIVER -DDEBUG -DSTM32F407xx -c -I../Drivers/CMSIS/Include -I../Drivers/STM32F4xx_HAL_Driver/Inc -I../Core/Inc -I../Drivers/CMSIS/Device/ST/STM32F4xx/Include -I../Drivers/STM32F4xx_HAL_Driver/Inc/Legacy -I"C:/Users/Bico/Desktop/STM32_Learning_HAL_Driver/My_Lib/Snake_Queue" -O0 -ffunction-sections -fdata-sections -Wall -fstack-usage -MMD -MP -MF"Core/Src/main.d" -MT"Core/Src/main.o" --specs=nano.specs -mfpu=fpv4-sp-d16 -mfloat-abi=hard -mthumb -o "Core/Src/main.o"
arm-none-eabi-gcc -o "F407VE_UART_Test.elf" @"objects.list"   -mcpu=cortex-m4 -T"C:\Users\Bico\Desktop\STM32_Learning_HAL_Driver\F407VE_UART_Test\STM32F407VETX_FLASH.ld" --specs=nosys.specs -Wl,-Map="F407VE_UART_Test.map" -Wl,--gc-sections -static --specs=nano.specs -mfpu=fpv4-sp-d16 -mfloat-abi=hard -mthumb -Wl,--start-group -lc -lm -Wl,--end-group
Finished building target: F407VE_UART_Test.elf
 
arm-none-eabi-objdump -h -S  F407VE_UART_Test.elf  > "F407VE_UART_Test.list"
arm-none-eabi-size   F407VE_UART_Test.elf 
   text	   data	    bss	    dec	    hex	filename
  14944	    120	   1720	  16784	   4190	F407VE_UART_Test.elf
Finished building: default.size.stdout
 
Finished building: F407VE_UART_Test.list
 

23:50:21 Build Finished. 0 errors, 0 warnings. (took 23s.15ms)

