18:41:24 **** Incremental Build of configuration Debug for project F407VE_I2C_Master_Transmitter_Test ****
make -j4 all 
arm-none-eabi-gcc "../Core/Src/main.c" -mcpu=cortex-m4 -std=gnu11 -g3 -DUSE_HAL_DRIVER -DDEBUG -DSTM32F407xx -c -I../Drivers/CMSIS/Include -I../Drivers/STM32F4xx_HAL_Driver/Inc -I../Core/Inc -I../Drivers/CMSIS/Device/ST/STM32F4xx/Include -I../Drivers/STM32F4xx_HAL_Driver/Inc/Legacy -O0 -ffunction-sections -fdata-sections -Wall -fstack-usage -MMD -MP -MF"Core/Src/main.d" -MT"Core/Src/main.o" --specs=nano.specs -mfpu=fpv4-sp-d16 -mfloat-abi=hard -mthumb -o "Core/Src/main.o"
../Core/Src/main.c: In function 'main':
../Core/Src/main.c:102:42: warning: pointer targets in passing argument 3 of 'HAL_I2C_Master_Transmit' differ in signedness [-Wpointer-sign]
    HAL_I2C_Master_Transmit(&hi2c1, 8<<1, "123\r\n", 5, 1000);
                                          ^~~~~~~~~
In file included from ../Core/Inc/stm32f4xx_hal_conf.h:316:0,
                 from ../Drivers/STM32F4xx_HAL_Driver/Inc/stm32f4xx_hal.h:30,
                 from ../Core/Inc/main.h:31,
                 from ../Core/Src/main.c:22:
../Drivers/STM32F4xx_HAL_Driver/Inc/stm32f4xx_hal_i2c.h:563:19: note: expected 'uint8_t * {aka unsigned char *}' but argument is of type 'char *'
 HAL_StatusTypeDef HAL_I2C_Master_Transmit(I2C_HandleTypeDef *hi2c, uint16_t DevAddress, uint8_t *pData, uint16_t Size, uint32_t Timeout);
                   ^~~~~~~~~~~~~~~~~~~~~~~
arm-none-eabi-gcc -o "F407VE_I2C_Master_Transmitter_Test.elf" @"objects.list"   -mcpu=cortex-m4 -T"C:\Users\Bico\Desktop\STM32_Learning_HAL_Driver\F407VE_I2C_Master_Transmitter_Test\STM32F407VETX_FLASH.ld" --specs=nosys.specs -Wl,-Map="F407VE_I2C_Master_Transmitter_Test.map" -Wl,--gc-sections -static --specs=nano.specs -mfpu=fpv4-sp-d16 -mfloat-abi=hard -mthumb -Wl,--start-group -lc -lm -Wl,--end-group
Finished building target: F407VE_I2C_Master_Transmitter_Test.elf
 
arm-none-eabi-objdump -h -S  F407VE_I2C_Master_Transmitter_Test.elf  > "F407VE_I2C_Master_Transmitter_Test.list"
arm-none-eabi-size   F407VE_I2C_Master_Transmitter_Test.elf 
   text	   data	    bss	    dec	    hex	filename
  14140	    120	   1672	  15932	   3e3c	F407VE_I2C_Master_Transmitter_Test.elf
Finished building: default.size.stdout
 
Finished building: F407VE_I2C_Master_Transmitter_Test.list
 

18:41:33 Build Finished. 0 errors, 1 warnings. (took 9s.938ms)

