20:05:57 **** Incremental Build of configuration Debug for project F407VE_SPI_Slave_Test ****
make -j4 all 
arm-none-eabi-gcc "../Core/Src/main.c" -mcpu=cortex-m4 -std=gnu11 -g3 -DUSE_HAL_DRIVER -DDEBUG -DSTM32F407xx -c -I../Drivers/CMSIS/Include -I../Drivers/STM32F4xx_HAL_Driver/Inc -I../Core/Inc -I../Drivers/CMSIS/Device/ST/STM32F4xx/Include -I../Drivers/STM32F4xx_HAL_Driver/Inc/Legacy -O0 -ffunction-sections -fdata-sections -Wall -fstack-usage -MMD -MP -MF"Core/Src/main.d" -MT"Core/Src/main.o" --specs=nano.specs -mfpu=fpv4-sp-d16 -mfloat-abi=hard -mthumb -o "Core/Src/main.o"
arm-none-eabi-gcc "../Core/Src/sysmem.c" -mcpu=cortex-m4 -std=gnu11 -g3 -DUSE_HAL_DRIVER -DDEBUG -DSTM32F407xx -c -I../Drivers/CMSIS/Include -I../Drivers/STM32F4xx_HAL_Driver/Inc -I../Core/Inc -I../Drivers/CMSIS/Device/ST/STM32F4xx/Include -I../Drivers/STM32F4xx_HAL_Driver/Inc/Legacy -O0 -ffunction-sections -fdata-sections -Wall -fstack-usage -MMD -MP -MF"Core/Src/sysmem.d" -MT"Core/Src/sysmem.o" --specs=nano.specs -mfpu=fpv4-sp-d16 -mfloat-abi=hard -mthumb -o "Core/Src/sysmem.o"
arm-none-eabi-gcc "../Core/Src/system_stm32f4xx.c" -mcpu=cortex-m4 -std=gnu11 -g3 -DUSE_HAL_DRIVER -DDEBUG -DSTM32F407xx -c -I../Drivers/CMSIS/Include -I../Drivers/STM32F4xx_HAL_Driver/Inc -I../Core/Inc -I../Drivers/CMSIS/Device/ST/STM32F4xx/Include -I../Drivers/STM32F4xx_HAL_Driver/Inc/Legacy -O0 -ffunction-sections -fdata-sections -Wall -fstack-usage -MMD -MP -MF"Core/Src/system_stm32f4xx.d" -MT"Core/Src/system_stm32f4xx.o" --specs=nano.specs -mfpu=fpv4-sp-d16 -mfloat-abi=hard -mthumb -o "Core/Src/system_stm32f4xx.o"
arm-none-eabi-gcc -o "F407VE_SPI_Slave_Test.elf" @"objects.list"   -mcpu=cortex-m4 -T"C:\Users\Bico\Desktop\STM32_Learning_HAL_Driver\F407VE_SPI_Slave_Test\STM32F407VETX_FLASH.ld" --specs=nosys.specs -Wl,-Map="F407VE_SPI_Slave_Test.map" -Wl,--gc-sections -static --specs=nano.specs -mfpu=fpv4-sp-d16 -mfloat-abi=hard -mthumb -Wl,--start-group -lc -lm -Wl,--end-group
Finished building target: F407VE_SPI_Slave_Test.elf
 
arm-none-eabi-size   F407VE_SPI_Slave_Test.elf 
arm-none-eabi-objdump -h -S  F407VE_SPI_Slave_Test.elf  > "F407VE_SPI_Slave_Test.list"
   text	   data	    bss	    dec	    hex	filename
  13140	    120	   1680	  14940	   3a5c	F407VE_SPI_Slave_Test.elf
Finished building: default.size.stdout
 
Finished building: F407VE_SPI_Slave_Test.list
 
20:07:00 **** Incremental Build of configuration Debug for project F407VE_SPI_Slave_Test ****
make -j4 all 
arm-none-eabi-size   F407VE_SPI_Slave_Test.elf 
   text	   data	    bss	    dec	    hex	filename
  13140	    120	   1680	  14940	   3a5c	F407VE_SPI_Slave_Test.elf
Finished building: default.size.stdout
 
20:12:20 **** Incremental Build of configuration Debug for project F407VE_SPI_Slave_Test ****
make -j4 all 
arm-none-eabi-size   F407VE_SPI_Slave_Test.elf 
   text	   data	    bss	    dec	    hex	filename
  13140	    120	   1680	  14940	   3a5c	F407VE_SPI_Slave_Test.elf
Finished building: default.size.stdout
 
20:23:52 **** Incremental Build of configuration Debug for project F407VE_SPI_Slave_Test ****
make -j4 all 
arm-none-eabi-gcc "../Core/Src/system_stm32f4xx.c" -mcpu=cortex-m4 -std=gnu11 -g3 -DUSE_HAL_DRIVER -DDEBUG -DSTM32F407xx -c -I../Drivers/CMSIS/Include -I../Drivers/STM32F4xx_HAL_Driver/Inc -I../Core/Inc -I../Drivers/CMSIS/Device/ST/STM32F4xx/Include -I../Drivers/STM32F4xx_HAL_Driver/Inc/Legacy -O0 -ffunction-sections -fdata-sections -Wall -fstack-usage -MMD -MP -MF"Core/Src/system_stm32f4xx.d" -MT"Core/Src/system_stm32f4xx.o" --specs=nano.specs -mfpu=fpv4-sp-d16 -mfloat-abi=hard -mthumb -o "Core/Src/system_stm32f4xx.o"
arm-none-eabi-gcc "../Drivers/STM32F4xx_HAL_Driver/Src/stm32f4xx_hal.c" -mcpu=cortex-m4 -std=gnu11 -g3 -DUSE_HAL_DRIVER -DDEBUG -DSTM32F407xx -c -I../Drivers/CMSIS/Include -I../Drivers/STM32F4xx_HAL_Driver/Inc -I../Core/Inc -I../Drivers/CMSIS/Device/ST/STM32F4xx/Include -I../Drivers/STM32F4xx_HAL_Driver/Inc/Legacy -O0 -ffunction-sections -fdata-sections -Wall -fstack-usage -MMD -MP -MF"Drivers/STM32F4xx_HAL_Driver/Src/stm32f4xx_hal.d" -MT"Drivers/STM32F4xx_HAL_Driver/Src/stm32f4xx_hal.o" --specs=nano.specs -mfpu=fpv4-sp-d16 -mfloat-abi=hard -mthumb -o "Drivers/STM32F4xx_HAL_Driver/Src/stm32f4xx_hal.o"
arm-none-eabi-gcc "../Drivers/STM32F4xx_HAL_Driver/Src/stm32f4xx_hal_cortex.c" -mcpu=cortex-m4 -std=gnu11 -g3 -DUSE_HAL_DRIVER -DDEBUG -DSTM32F407xx -c -I../Drivers/CMSIS/Include -I../Drivers/STM32F4xx_HAL_Driver/Inc -I../Core/Inc -I../Drivers/CMSIS/Device/ST/STM32F4xx/Include -I../Drivers/STM32F4xx_HAL_Driver/Inc/Legacy -O0 -ffunction-sections -fdata-sections -Wall -fstack-usage -MMD -MP -MF"Drivers/STM32F4xx_HAL_Driver/Src/stm32f4xx_hal_cortex.d" -MT"Drivers/STM32F4xx_HAL_Driver/Src/stm32f4xx_hal_cortex.o" --specs=nano.specs -mfpu=fpv4-sp-d16 -mfloat-abi=hard -mthumb -o "Drivers/STM32F4xx_HAL_Driver/Src/stm32f4xx_hal_cortex.o"
arm-none-eabi-gcc "../Drivers/STM32F4xx_HAL_Driver/Src/stm32f4xx_hal_dma.c" -mcpu=cortex-m4 -std=gnu11 -g3 -DUSE_HAL_DRIVER -DDEBUG -DSTM32F407xx -c -I../Drivers/CMSIS/Include -I../Drivers/STM32F4xx_HAL_Driver/Inc -I../Core/Inc -I../Drivers/CMSIS/Device/ST/STM32F4xx/Include -I../Drivers/STM32F4xx_HAL_Driver/Inc/Legacy -O0 -ffunction-sections -fdata-sections -Wall -fstack-usage -MMD -MP -MF"Drivers/STM32F4xx_HAL_Driver/Src/stm32f4xx_hal_dma.d" -MT"Drivers/STM32F4xx_HAL_Driver/Src/stm32f4xx_hal_dma.o" --specs=nano.specs -mfpu=fpv4-sp-d16 -mfloat-abi=hard -mthumb -o "Drivers/STM32F4xx_HAL_Driver/Src/stm32f4xx_hal_dma.o"
arm-none-eabi-gcc "../Drivers/STM32F4xx_HAL_Driver/Src/stm32f4xx_hal_dma_ex.c" -mcpu=cortex-m4 -std=gnu11 -g3 -DUSE_HAL_DRIVER -DDEBUG -DSTM32F407xx -c -I../Drivers/CMSIS/Include -I../Drivers/STM32F4xx_HAL_Driver/Inc -I../Core/Inc -I../Drivers/CMSIS/Device/ST/STM32F4xx/Include -I../Drivers/STM32F4xx_HAL_Driver/Inc/Legacy -O0 -ffunction-sections -fdata-sections -Wall -fstack-usage -MMD -MP -MF"Drivers/STM32F4xx_HAL_Driver/Src/stm32f4xx_hal_dma_ex.d" -MT"Drivers/STM32F4xx_HAL_Driver/Src/stm32f4xx_hal_dma_ex.o" --specs=nano.specs -mfpu=fpv4-sp-d16 -mfloat-abi=hard -mthumb -o "Drivers/STM32F4xx_HAL_Driver/Src/stm32f4xx_hal_dma_ex.o"
arm-none-eabi-gcc "../Drivers/STM32F4xx_HAL_Driver/Src/stm32f4xx_hal_exti.c" -mcpu=cortex-m4 -std=gnu11 -g3 -DUSE_HAL_DRIVER -DDEBUG -DSTM32F407xx -c -I../Drivers/CMSIS/Include -I../Drivers/STM32F4xx_HAL_Driver/Inc -I../Core/Inc -I../Drivers/CMSIS/Device/ST/STM32F4xx/Include -I../Drivers/STM32F4xx_HAL_Driver/Inc/Legacy -O0 -ffunction-sections -fdata-sections -Wall -fstack-usage -MMD -MP -MF"Drivers/STM32F4xx_HAL_Driver/Src/stm32f4xx_hal_exti.d" -MT"Drivers/STM32F4xx_HAL_Driver/Src/stm32f4xx_hal_exti.o" --specs=nano.specs -mfpu=fpv4-sp-d16 -mfloat-abi=hard -mthumb -o "Drivers/STM32F4xx_HAL_Driver/Src/stm32f4xx_hal_exti.o"
arm-none-eabi-gcc "../Drivers/STM32F4xx_HAL_Driver/Src/stm32f4xx_hal_flash.c" -mcpu=cortex-m4 -std=gnu11 -g3 -DUSE_HAL_DRIVER -DDEBUG -DSTM32F407xx -c -I../Drivers/CMSIS/Include -I../Drivers/STM32F4xx_HAL_Driver/Inc -I../Core/Inc -I../Drivers/CMSIS/Device/ST/STM32F4xx/Include -I../Drivers/STM32F4xx_HAL_Driver/Inc/Legacy -O0 -ffunction-sections -fdata-sections -Wall -fstack-usage -MMD -MP -MF"Drivers/STM32F4xx_HAL_Driver/Src/stm32f4xx_hal_flash.d" -MT"Drivers/STM32F4xx_HAL_Driver/Src/stm32f4xx_hal_flash.o" --specs=nano.specs -mfpu=fpv4-sp-d16 -mfloat-abi=hard -mthumb -o "Drivers/STM32F4xx_HAL_Driver/Src/stm32f4xx_hal_flash.o"
arm-none-eabi-gcc "../Drivers/STM32F4xx_HAL_Driver/Src/stm32f4xx_hal_flash_ex.c" -mcpu=cortex-m4 -std=gnu11 -g3 -DUSE_HAL_DRIVER -DDEBUG -DSTM32F407xx -c -I../Drivers/CMSIS/Include -I../Drivers/STM32F4xx_HAL_Driver/Inc -I../Core/Inc -I../Drivers/CMSIS/Device/ST/STM32F4xx/Include -I../Drivers/STM32F4xx_HAL_Driver/Inc/Legacy -O0 -ffunction-sections -fdata-sections -Wall -fstack-usage -MMD -MP -MF"Drivers/STM32F4xx_HAL_Driver/Src/stm32f4xx_hal_flash_ex.d" -MT"Drivers/STM32F4xx_HAL_Driver/Src/stm32f4xx_hal_flash_ex.o" --specs=nano.specs -mfpu=fpv4-sp-d16 -mfloat-abi=hard -mthumb -o "Drivers/STM32F4xx_HAL_Driver/Src/stm32f4xx_hal_flash_ex.o"
arm-none-eabi-gcc "../Drivers/STM32F4xx_HAL_Driver/Src/stm32f4xx_hal_flash_ramfunc.c" -mcpu=cortex-m4 -std=gnu11 -g3 -DUSE_HAL_DRIVER -DDEBUG -DSTM32F407xx -c -I../Drivers/CMSIS/Include -I../Drivers/STM32F4xx_HAL_Driver/Inc -I../Core/Inc -I../Drivers/CMSIS/Device/ST/STM32F4xx/Include -I../Drivers/STM32F4xx_HAL_Driver/Inc/Legacy -O0 -ffunction-sections -fdata-sections -Wall -fstack-usage -MMD -MP -MF"Drivers/STM32F4xx_HAL_Driver/Src/stm32f4xx_hal_flash_ramfunc.d" -MT"Drivers/STM32F4xx_HAL_Driver/Src/stm32f4xx_hal_flash_ramfunc.o" --specs=nano.specs -mfpu=fpv4-sp-d16 -mfloat-abi=hard -mthumb -o "Drivers/STM32F4xx_HAL_Driver/Src/stm32f4xx_hal_flash_ramfunc.o"
arm-none-eabi-gcc "../Drivers/STM32F4xx_HAL_Driver/Src/stm32f4xx_hal_gpio.c" -mcpu=cortex-m4 -std=gnu11 -g3 -DUSE_HAL_DRIVER -DDEBUG -DSTM32F407xx -c -I../Drivers/CMSIS/Include -I../Drivers/STM32F4xx_HAL_Driver/Inc -I../Core/Inc -I../Drivers/CMSIS/Device/ST/STM32F4xx/Include -I../Drivers/STM32F4xx_HAL_Driver/Inc/Legacy -O0 -ffunction-sections -fdata-sections -Wall -fstack-usage -MMD -MP -MF"Drivers/STM32F4xx_HAL_Driver/Src/stm32f4xx_hal_gpio.d" -MT"Drivers/STM32F4xx_HAL_Driver/Src/stm32f4xx_hal_gpio.o" --specs=nano.specs -mfpu=fpv4-sp-d16 -mfloat-abi=hard -mthumb -o "Drivers/STM32F4xx_HAL_Driver/Src/stm32f4xx_hal_gpio.o"
arm-none-eabi-gcc "../Drivers/STM32F4xx_HAL_Driver/Src/stm32f4xx_hal_pwr.c" -mcpu=cortex-m4 -std=gnu11 -g3 -DUSE_HAL_DRIVER -DDEBUG -DSTM32F407xx -c -I../Drivers/CMSIS/Include -I../Drivers/STM32F4xx_HAL_Driver/Inc -I../Core/Inc -I../Drivers/CMSIS/Device/ST/STM32F4xx/Include -I../Drivers/STM32F4xx_HAL_Driver/Inc/Legacy -O0 -ffunction-sections -fdata-sections -Wall -fstack-usage -MMD -MP -MF"Drivers/STM32F4xx_HAL_Driver/Src/stm32f4xx_hal_pwr.d" -MT"Drivers/STM32F4xx_HAL_Driver/Src/stm32f4xx_hal_pwr.o" --specs=nano.specs -mfpu=fpv4-sp-d16 -mfloat-abi=hard -mthumb -o "Drivers/STM32F4xx_HAL_Driver/Src/stm32f4xx_hal_pwr.o"
arm-none-eabi-gcc "../Drivers/STM32F4xx_HAL_Driver/Src/stm32f4xx_hal_pwr_ex.c" -mcpu=cortex-m4 -std=gnu11 -g3 -DUSE_HAL_DRIVER -DDEBUG -DSTM32F407xx -c -I../Drivers/CMSIS/Include -I../Drivers/STM32F4xx_HAL_Driver/Inc -I../Core/Inc -I../Drivers/CMSIS/Device/ST/STM32F4xx/Include -I../Drivers/STM32F4xx_HAL_Driver/Inc/Legacy -O0 -ffunction-sections -fdata-sections -Wall -fstack-usage -MMD -MP -MF"Drivers/STM32F4xx_HAL_Driver/Src/stm32f4xx_hal_pwr_ex.d" -MT"Drivers/STM32F4xx_HAL_Driver/Src/stm32f4xx_hal_pwr_ex.o" --specs=nano.specs -mfpu=fpv4-sp-d16 -mfloat-abi=hard -mthumb -o "Drivers/STM32F4xx_HAL_Driver/Src/stm32f4xx_hal_pwr_ex.o"
arm-none-eabi-gcc "../Drivers/STM32F4xx_HAL_Driver/Src/stm32f4xx_hal_rcc.c" -mcpu=cortex-m4 -std=gnu11 -g3 -DUSE_HAL_DRIVER -DDEBUG -DSTM32F407xx -c -I../Drivers/CMSIS/Include -I../Drivers/STM32F4xx_HAL_Driver/Inc -I../Core/Inc -I../Drivers/CMSIS/Device/ST/STM32F4xx/Include -I../Drivers/STM32F4xx_HAL_Driver/Inc/Legacy -O0 -ffunction-sections -fdata-sections -Wall -fstack-usage -MMD -MP -MF"Drivers/STM32F4xx_HAL_Driver/Src/stm32f4xx_hal_rcc.d" -MT"Drivers/STM32F4xx_HAL_Driver/Src/stm32f4xx_hal_rcc.o" --specs=nano.specs -mfpu=fpv4-sp-d16 -mfloat-abi=hard -mthumb -o "Drivers/STM32F4xx_HAL_Driver/Src/stm32f4xx_hal_rcc.o"
arm-none-eabi-gcc "../Drivers/STM32F4xx_HAL_Driver/Src/stm32f4xx_hal_rcc_ex.c" -mcpu=cortex-m4 -std=gnu11 -g3 -DUSE_HAL_DRIVER -DDEBUG -DSTM32F407xx -c -I../Drivers/CMSIS/Include -I../Drivers/STM32F4xx_HAL_Driver/Inc -I../Core/Inc -I../Drivers/CMSIS/Device/ST/STM32F4xx/Include -I../Drivers/STM32F4xx_HAL_Driver/Inc/Legacy -O0 -ffunction-sections -fdata-sections -Wall -fstack-usage -MMD -MP -MF"Drivers/STM32F4xx_HAL_Driver/Src/stm32f4xx_hal_rcc_ex.d" -MT"Drivers/STM32F4xx_HAL_Driver/Src/stm32f4xx_hal_rcc_ex.o" --specs=nano.specs -mfpu=fpv4-sp-d16 -mfloat-abi=hard -mthumb -o "Drivers/STM32F4xx_HAL_Driver/Src/stm32f4xx_hal_rcc_ex.o"
arm-none-eabi-gcc "../Drivers/STM32F4xx_HAL_Driver/Src/stm32f4xx_hal_spi.c" -mcpu=cortex-m4 -std=gnu11 -g3 -DUSE_HAL_DRIVER -DDEBUG -DSTM32F407xx -c -I../Drivers/CMSIS/Include -I../Drivers/STM32F4xx_HAL_Driver/Inc -I../Core/Inc -I../Drivers/CMSIS/Device/ST/STM32F4xx/Include -I../Drivers/STM32F4xx_HAL_Driver/Inc/Legacy -O0 -ffunction-sections -fdata-sections -Wall -fstack-usage -MMD -MP -MF"Drivers/STM32F4xx_HAL_Driver/Src/stm32f4xx_hal_spi.d" -MT"Drivers/STM32F4xx_HAL_Driver/Src/stm32f4xx_hal_spi.o" --specs=nano.specs -mfpu=fpv4-sp-d16 -mfloat-abi=hard -mthumb -o "Drivers/STM32F4xx_HAL_Driver/Src/stm32f4xx_hal_spi.o"
arm-none-eabi-gcc "../Drivers/STM32F4xx_HAL_Driver/Src/stm32f4xx_hal_tim.c" -mcpu=cortex-m4 -std=gnu11 -g3 -DUSE_HAL_DRIVER -DDEBUG -DSTM32F407xx -c -I../Drivers/CMSIS/Include -I../Drivers/STM32F4xx_HAL_Driver/Inc -I../Core/Inc -I../Drivers/CMSIS/Device/ST/STM32F4xx/Include -I../Drivers/STM32F4xx_HAL_Driver/Inc/Legacy -O0 -ffunction-sections -fdata-sections -Wall -fstack-usage -MMD -MP -MF"Drivers/STM32F4xx_HAL_Driver/Src/stm32f4xx_hal_tim.d" -MT"Drivers/STM32F4xx_HAL_Driver/Src/stm32f4xx_hal_tim.o" --specs=nano.specs -mfpu=fpv4-sp-d16 -mfloat-abi=hard -mthumb -o "Drivers/STM32F4xx_HAL_Driver/Src/stm32f4xx_hal_tim.o"
arm-none-eabi-gcc "../Drivers/STM32F4xx_HAL_Driver/Src/stm32f4xx_hal_tim_ex.c" -mcpu=cortex-m4 -std=gnu11 -g3 -DUSE_HAL_DRIVER -DDEBUG -DSTM32F407xx -c -I../Drivers/CMSIS/Include -I../Drivers/STM32F4xx_HAL_Driver/Inc -I../Core/Inc -I../Drivers/CMSIS/Device/ST/STM32F4xx/Include -I../Drivers/STM32F4xx_HAL_Driver/Inc/Legacy -O0 -ffunction-sections -fdata-sections -Wall -fstack-usage -MMD -MP -MF"Drivers/STM32F4xx_HAL_Driver/Src/stm32f4xx_hal_tim_ex.d" -MT"Drivers/STM32F4xx_HAL_Driver/Src/stm32f4xx_hal_tim_ex.o" --specs=nano.specs -mfpu=fpv4-sp-d16 -mfloat-abi=hard -mthumb -o "Drivers/STM32F4xx_HAL_Driver/Src/stm32f4xx_hal_tim_ex.o"
arm-none-eabi-gcc "../Core/Src/main.c" -mcpu=cortex-m4 -std=gnu11 -g3 -DUSE_HAL_DRIVER -DDEBUG -DSTM32F407xx -c -I../Drivers/CMSIS/Include -I../Drivers/STM32F4xx_HAL_Driver/Inc -I../Core/Inc -I../Drivers/CMSIS/Device/ST/STM32F4xx/Include -I../Drivers/STM32F4xx_HAL_Driver/Inc/Legacy -O0 -ffunction-sections -fdata-sections -Wall -fstack-usage -MMD -MP -MF"Core/Src/main.d" -MT"Core/Src/main.o" --specs=nano.specs -mfpu=fpv4-sp-d16 -mfloat-abi=hard -mthumb -o "Core/Src/main.o"
arm-none-eabi-gcc "../Core/Src/stm32f4xx_hal_msp.c" -mcpu=cortex-m4 -std=gnu11 -g3 -DUSE_HAL_DRIVER -DDEBUG -DSTM32F407xx -c -I../Drivers/CMSIS/Include -I../Drivers/STM32F4xx_HAL_Driver/Inc -I../Core/Inc -I../Drivers/CMSIS/Device/ST/STM32F4xx/Include -I../Drivers/STM32F4xx_HAL_Driver/Inc/Legacy -O0 -ffunction-sections -fdata-sections -Wall -fstack-usage -MMD -MP -MF"Core/Src/stm32f4xx_hal_msp.d" -MT"Core/Src/stm32f4xx_hal_msp.o" --specs=nano.specs -mfpu=fpv4-sp-d16 -mfloat-abi=hard -mthumb -o "Core/Src/stm32f4xx_hal_msp.o"
arm-none-eabi-gcc "../Core/Src/stm32f4xx_it.c" -mcpu=cortex-m4 -std=gnu11 -g3 -DUSE_HAL_DRIVER -DDEBUG -DSTM32F407xx -c -I../Drivers/CMSIS/Include -I../Drivers/STM32F4xx_HAL_Driver/Inc -I../Core/Inc -I../Drivers/CMSIS/Device/ST/STM32F4xx/Include -I../Drivers/STM32F4xx_HAL_Driver/Inc/Legacy -O0 -ffunction-sections -fdata-sections -Wall -fstack-usage -MMD -MP -MF"Core/Src/stm32f4xx_it.d" -MT"Core/Src/stm32f4xx_it.o" --specs=nano.specs -mfpu=fpv4-sp-d16 -mfloat-abi=hard -mthumb -o "Core/Src/stm32f4xx_it.o"
../Core/Src/stm32f4xx_it.c: In function 'SPI1_IRQHandler':
../Core/Src/stm32f4xx_it.c:206:2: warning: implicit declaration of function 'printf' [-Wimplicit-function-declaration]
  printf("SPI IRS \r\n");
  ^~~~~~
../Core/Src/stm32f4xx_it.c:206:2: warning: incompatible implicit declaration of built-in function 'printf'
../Core/Src/stm32f4xx_it.c:206:2: note: include '<stdio.h>' or provide a declaration of 'printf'
arm-none-eabi-gcc -o "F407VE_SPI_Slave_Test.elf" @"objects.list"   -mcpu=cortex-m4 -T"C:\Users\Bico\Desktop\STM32_Learning_HAL_Driver\F407VE_SPI_Slave_Test\STM32F407VETX_FLASH.ld" --specs=nosys.specs -Wl,-Map="F407VE_SPI_Slave_Test.map" -Wl,--gc-sections -static --specs=nano.specs -mfpu=fpv4-sp-d16 -mfloat-abi=hard -mthumb -Wl,--start-group -lc -lm -Wl,--end-group
Finished building target: F407VE_SPI_Slave_Test.elf
 
arm-none-eabi-objdump -h -S  F407VE_SPI_Slave_Test.elf  > "F407VE_SPI_Slave_Test.list"
arm-none-eabi-size   F407VE_SPI_Slave_Test.elf 
   text	   data	    bss	    dec	    hex	filename
  13360	    120	   1680	  15160	   3b38	F407VE_SPI_Slave_Test.elf
Finished building: default.size.stdout
 
Finished building: F407VE_SPI_Slave_Test.list
 
20:24:22 **** Incremental Build of configuration Debug for project F407VE_SPI_Slave_Test ****
make -j4 all 
arm-none-eabi-size   F407VE_SPI_Slave_Test.elf 
   text	   data	    bss	    dec	    hex	filename
  13360	    120	   1680	  15160	   3b38	F407VE_SPI_Slave_Test.elf
Finished building: default.size.stdout
 
20:27:04 **** Incremental Build of configuration Debug for project F407VE_SPI_Slave_Test ****
make -j4 all 
arm-none-eabi-gcc "../Core/Src/stm32f4xx_it.c" -mcpu=cortex-m4 -std=gnu11 -g3 -DUSE_HAL_DRIVER -DDEBUG -DSTM32F407xx -c -I../Drivers/CMSIS/Include -I../Drivers/STM32F4xx_HAL_Driver/Inc -I../Core/Inc -I../Drivers/CMSIS/Device/ST/STM32F4xx/Include -I../Drivers/STM32F4xx_HAL_Driver/Inc/Legacy -O0 -ffunction-sections -fdata-sections -Wall -fstack-usage -MMD -MP -MF"Core/Src/stm32f4xx_it.d" -MT"Core/Src/stm32f4xx_it.o" --specs=nano.specs -mfpu=fpv4-sp-d16 -mfloat-abi=hard -mthumb -o "Core/Src/stm32f4xx_it.o"
arm-none-eabi-gcc -o "F407VE_SPI_Slave_Test.elf" @"objects.list"   -mcpu=cortex-m4 -T"C:\Users\Bico\Desktop\STM32_Learning_HAL_Driver\F407VE_SPI_Slave_Test\STM32F407VETX_FLASH.ld" --specs=nosys.specs -Wl,-Map="F407VE_SPI_Slave_Test.map" -Wl,--gc-sections -static --specs=nano.specs -mfpu=fpv4-sp-d16 -mfloat-abi=hard -mthumb -Wl,--start-group -lc -lm -Wl,--end-group
Finished building target: F407VE_SPI_Slave_Test.elf
 
arm-none-eabi-objdump -h -S  F407VE_SPI_Slave_Test.elf  > "F407VE_SPI_Slave_Test.list"
arm-none-eabi-size   F407VE_SPI_Slave_Test.elf 
   text	   data	    bss	    dec	    hex	filename
  13140	    120	   1680	  14940	   3a5c	F407VE_SPI_Slave_Test.elf
Finished building: default.size.stdout
 
Finished building: F407VE_SPI_Slave_Test.list
 
20:31:23 **** Incremental Build of configuration Debug for project F407VE_SPI_Slave_Test ****
make -j4 all 
arm-none-eabi-gcc "../Core/Src/main.c" -mcpu=cortex-m4 -std=gnu11 -g3 -DUSE_HAL_DRIVER -DDEBUG -DSTM32F407xx -c -I../Drivers/CMSIS/Include -I../Drivers/STM32F4xx_HAL_Driver/Inc -I../Core/Inc -I../Drivers/CMSIS/Device/ST/STM32F4xx/Include -I../Drivers/STM32F4xx_HAL_Driver/Inc/Legacy -O0 -ffunction-sections -fdata-sections -Wall -fstack-usage -MMD -MP -MF"Core/Src/main.d" -MT"Core/Src/main.o" --specs=nano.specs -mfpu=fpv4-sp-d16 -mfloat-abi=hard -mthumb -o "Core/Src/main.o"
arm-none-eabi-gcc "../Core/Src/stm32f4xx_it.c" -mcpu=cortex-m4 -std=gnu11 -g3 -DUSE_HAL_DRIVER -DDEBUG -DSTM32F407xx -c -I../Drivers/CMSIS/Include -I../Drivers/STM32F4xx_HAL_Driver/Inc -I../Core/Inc -I../Drivers/CMSIS/Device/ST/STM32F4xx/Include -I../Drivers/STM32F4xx_HAL_Driver/Inc/Legacy -O0 -ffunction-sections -fdata-sections -Wall -fstack-usage -MMD -MP -MF"Core/Src/stm32f4xx_it.d" -MT"Core/Src/stm32f4xx_it.o" --specs=nano.specs -mfpu=fpv4-sp-d16 -mfloat-abi=hard -mthumb -o "Core/Src/stm32f4xx_it.o"
../Core/Src/stm32f4xx_it.c: In function 'SPI1_IRQHandler':
../Core/Src/stm32f4xx_it.c:206:2: warning: implicit declaration of function 'printf' [-Wimplicit-function-declaration]
  printf("SPI IRS \r\n");
  ^~~~~~
../Core/Src/stm32f4xx_it.c:206:2: warning: incompatible implicit declaration of built-in function 'printf'
../Core/Src/stm32f4xx_it.c:206:2: note: include '<stdio.h>' or provide a declaration of 'printf'
arm-none-eabi-gcc -o "F407VE_SPI_Slave_Test.elf" @"objects.list"   -mcpu=cortex-m4 -T"C:\Users\Bico\Desktop\STM32_Learning_HAL_Driver\F407VE_SPI_Slave_Test\STM32F407VETX_FLASH.ld" --specs=nosys.specs -Wl,-Map="F407VE_SPI_Slave_Test.map" -Wl,--gc-sections -static --specs=nano.specs -mfpu=fpv4-sp-d16 -mfloat-abi=hard -mthumb -Wl,--start-group -lc -lm -Wl,--end-group
Finished building target: F407VE_SPI_Slave_Test.elf
 
arm-none-eabi-objdump -h -S  F407VE_SPI_Slave_Test.elf  > "F407VE_SPI_Slave_Test.list"
arm-none-eabi-size   F407VE_SPI_Slave_Test.elf 
   text	   data	    bss	    dec	    hex	filename
  13364	    120	   1680	  15164	   3b3c	F407VE_SPI_Slave_Test.elf
Finished building: default.size.stdout
 
Finished building: F407VE_SPI_Slave_Test.list
 
20:33:35 **** Incremental Build of configuration Debug for project F407VE_SPI_Slave_Test ****
make -j4 all 
arm-none-eabi-size   F407VE_SPI_Slave_Test.elf 
   text	   data	    bss	    dec	    hex	filename
  13364	    120	   1680	  15164	   3b3c	F407VE_SPI_Slave_Test.elf
Finished building: default.size.stdout
 
20:42:45 **** Incremental Build of configuration Debug for project F407VE_SPI_Slave_Test ****
make -j4 all 
arm-none-eabi-gcc "../Core/Src/main.c" -mcpu=cortex-m4 -std=gnu11 -g3 -DUSE_HAL_DRIVER -DDEBUG -DSTM32F407xx -c -I../Drivers/CMSIS/Include -I../Drivers/STM32F4xx_HAL_Driver/Inc -I../Core/Inc -I../Drivers/CMSIS/Device/ST/STM32F4xx/Include -I../Drivers/STM32F4xx_HAL_Driver/Inc/Legacy -O0 -ffunction-sections -fdata-sections -Wall -fstack-usage -MMD -MP -MF"Core/Src/main.d" -MT"Core/Src/main.o" --specs=nano.specs -mfpu=fpv4-sp-d16 -mfloat-abi=hard -mthumb -o "Core/Src/main.o"
../Core/Src/main.c: In function 'main':
../Core/Src/main.c:94:53: warning: passing argument 3 of 'HAL_SPI_TransmitReceive_IT' makes pointer from integer without a cast [-Wint-conversion]
   HAL_SPI_TransmitReceive_IT(&hspi1, &spi_rev_data, 1);
                                                     ^
In file included from ../Core/Inc/stm32f4xx_hal_conf.h:356:0,
                 from ../Drivers/STM32F4xx_HAL_Driver/Inc/stm32f4xx_hal.h:30,
                 from ../Core/Inc/main.h:31,
                 from ../Core/Src/main.c:22:
../Drivers/STM32F4xx_HAL_Driver/Inc/stm32f4xx_hal_spi.h:672:19: note: expected 'uint8_t * {aka unsigned char *}' but argument is of type 'int'
 HAL_StatusTypeDef HAL_SPI_TransmitReceive_IT(SPI_HandleTypeDef *hspi, uint8_t *pTxData, uint8_t *pRxData,
                   ^~~~~~~~~~~~~~~~~~~~~~~~~~
../Core/Src/main.c:94:3: error: too few arguments to function 'HAL_SPI_TransmitReceive_IT'
   HAL_SPI_TransmitReceive_IT(&hspi1, &spi_rev_data, 1);
   ^~~~~~~~~~~~~~~~~~~~~~~~~~
In file included from ../Core/Inc/stm32f4xx_hal_conf.h:356:0,
                 from ../Drivers/STM32F4xx_HAL_Driver/Inc/stm32f4xx_hal.h:30,
                 from ../Core/Inc/main.h:31,
                 from ../Core/Src/main.c:22:
../Drivers/STM32F4xx_HAL_Driver/Inc/stm32f4xx_hal_spi.h:672:19: note: declared here
 HAL_StatusTypeDef HAL_SPI_TransmitReceive_IT(SPI_HandleTypeDef *hspi, uint8_t *pTxData, uint8_t *pRxData,
                   ^~~~~~~~~~~~~~~~~~~~~~~~~~
make: *** [Core/Src/subdir.mk:33: Core/Src/main.o] Error 1
"make -j4 all" terminated with exit code 2. Build might be incomplete.
20:43:27 **** Incremental Build of configuration Debug for project F407VE_SPI_Slave_Test ****
make -j4 all 
arm-none-eabi-gcc "../Core/Src/main.c" -mcpu=cortex-m4 -std=gnu11 -g3 -DUSE_HAL_DRIVER -DDEBUG -DSTM32F407xx -c -I../Drivers/CMSIS/Include -I../Drivers/STM32F4xx_HAL_Driver/Inc -I../Core/Inc -I../Drivers/CMSIS/Device/ST/STM32F4xx/Include -I../Drivers/STM32F4xx_HAL_Driver/Inc/Legacy -O0 -ffunction-sections -fdata-sections -Wall -fstack-usage -MMD -MP -MF"Core/Src/main.d" -MT"Core/Src/main.o" --specs=nano.specs -mfpu=fpv4-sp-d16 -mfloat-abi=hard -mthumb -o "Core/Src/main.o"
arm-none-eabi-gcc -o "F407VE_SPI_Slave_Test.elf" @"objects.list"   -mcpu=cortex-m4 -T"C:\Users\Bico\Desktop\STM32_Learning_HAL_Driver\F407VE_SPI_Slave_Test\STM32F407VETX_FLASH.ld" --specs=nosys.specs -Wl,-Map="F407VE_SPI_Slave_Test.map" -Wl,--gc-sections -static --specs=nano.specs -mfpu=fpv4-sp-d16 -mfloat-abi=hard -mthumb -Wl,--start-group -lc -lm -Wl,--end-group
Finished building target: F407VE_SPI_Slave_Test.elf
 
arm-none-eabi-objdump -h -S  F407VE_SPI_Slave_Test.elf  > "F407VE_SPI_Slave_Test.list"
arm-none-eabi-size   F407VE_SPI_Slave_Test.elf 
   text	   data	    bss	    dec	    hex	filename
  12604	    120	   1680	  14404	   3844	F407VE_SPI_Slave_Test.elf
Finished building: default.size.stdout
 
Finished building: F407VE_SPI_Slave_Test.list
 
21:08:27 **** Incremental Build of configuration Debug for project F407VE_SPI_Slave_Test ****
make -j4 all 
arm-none-eabi-gcc "../Core/Src/main.c" -mcpu=cortex-m4 -std=gnu11 -g3 -DUSE_HAL_DRIVER -DDEBUG -DSTM32F407xx -c -I../Drivers/CMSIS/Include -I../Drivers/STM32F4xx_HAL_Driver/Inc -I../Core/Inc -I../Drivers/CMSIS/Device/ST/STM32F4xx/Include -I../Drivers/STM32F4xx_HAL_Driver/Inc/Legacy -O0 -ffunction-sections -fdata-sections -Wall -fstack-usage -MMD -MP -MF"Core/Src/main.d" -MT"Core/Src/main.o" --specs=nano.specs -mfpu=fpv4-sp-d16 -mfloat-abi=hard -mthumb -o "Core/Src/main.o"
arm-none-eabi-gcc -o "F407VE_SPI_Slave_Test.elf" @"objects.list"   -mcpu=cortex-m4 -T"C:\Users\Bico\Desktop\STM32_Learning_HAL_Driver\F407VE_SPI_Slave_Test\STM32F407VETX_FLASH.ld" --specs=nosys.specs -Wl,-Map="F407VE_SPI_Slave_Test.map" -Wl,--gc-sections -static --specs=nano.specs -mfpu=fpv4-sp-d16 -mfloat-abi=hard -mthumb -Wl,--start-group -lc -lm -Wl,--end-group
Finished building target: F407VE_SPI_Slave_Test.elf
 
arm-none-eabi-objdump -h -S  F407VE_SPI_Slave_Test.elf  > "F407VE_SPI_Slave_Test.list"
arm-none-eabi-size   F407VE_SPI_Slave_Test.elf 
   text	   data	    bss	    dec	    hex	filename
  13364	    120	   1680	  15164	   3b3c	F407VE_SPI_Slave_Test.elf
Finished building: default.size.stdout
 
Finished building: F407VE_SPI_Slave_Test.list
 
21:12:04 **** Incremental Build of configuration Debug for project F407VE_SPI_Slave_Test ****
make -j4 all 
arm-none-eabi-gcc "../Core/Src/main.c" -mcpu=cortex-m4 -std=gnu11 -g3 -DUSE_HAL_DRIVER -DDEBUG -DSTM32F407xx -c -I../Drivers/CMSIS/Include -I../Drivers/STM32F4xx_HAL_Driver/Inc -I../Core/Inc -I../Drivers/CMSIS/Device/ST/STM32F4xx/Include -I../Drivers/STM32F4xx_HAL_Driver/Inc/Legacy -O0 -ffunction-sections -fdata-sections -Wall -fstack-usage -MMD -MP -MF"Core/Src/main.d" -MT"Core/Src/main.o" --specs=nano.specs -mfpu=fpv4-sp-d16 -mfloat-abi=hard -mthumb -o "Core/Src/main.o"
arm-none-eabi-gcc "../Core/Src/stm32f4xx_it.c" -mcpu=cortex-m4 -std=gnu11 -g3 -DUSE_HAL_DRIVER -DDEBUG -DSTM32F407xx -c -I../Drivers/CMSIS/Include -I../Drivers/STM32F4xx_HAL_Driver/Inc -I../Core/Inc -I../Drivers/CMSIS/Device/ST/STM32F4xx/Include -I../Drivers/STM32F4xx_HAL_Driver/Inc/Legacy -O0 -ffunction-sections -fdata-sections -Wall -fstack-usage -MMD -MP -MF"Core/Src/stm32f4xx_it.d" -MT"Core/Src/stm32f4xx_it.o" --specs=nano.specs -mfpu=fpv4-sp-d16 -mfloat-abi=hard -mthumb -o "Core/Src/stm32f4xx_it.o"
arm-none-eabi-gcc -o "F407VE_SPI_Slave_Test.elf" @"objects.list"   -mcpu=cortex-m4 -T"C:\Users\Bico\Desktop\STM32_Learning_HAL_Driver\F407VE_SPI_Slave_Test\STM32F407VETX_FLASH.ld" --specs=nosys.specs -Wl,-Map="F407VE_SPI_Slave_Test.map" -Wl,--gc-sections -static --specs=nano.specs -mfpu=fpv4-sp-d16 -mfloat-abi=hard -mthumb -Wl,--start-group -lc -lm -Wl,--end-group
Finished building target: F407VE_SPI_Slave_Test.elf
 
arm-none-eabi-objdump -h -S  F407VE_SPI_Slave_Test.elf  > "F407VE_SPI_Slave_Test.list"
arm-none-eabi-size   F407VE_SPI_Slave_Test.elf 
   text	   data	    bss	    dec	    hex	filename
  13772	    120	   1680	  15572	   3cd4	F407VE_SPI_Slave_Test.elf
Finished building: default.size.stdout
 
Finished building: F407VE_SPI_Slave_Test.list
 
21:29:30 **** Incremental Build of configuration Debug for project F407VE_SPI_Slave_Test ****
make -j4 all 
arm-none-eabi-gcc "../Core/Src/main.c" -mcpu=cortex-m4 -std=gnu11 -g3 -DUSE_HAL_DRIVER -DDEBUG -DSTM32F407xx -c -I../Drivers/CMSIS/Include -I../Drivers/STM32F4xx_HAL_Driver/Inc -I../Core/Inc -I../Drivers/CMSIS/Device/ST/STM32F4xx/Include -I../Drivers/STM32F4xx_HAL_Driver/Inc/Legacy -O0 -ffunction-sections -fdata-sections -Wall -fstack-usage -MMD -MP -MF"Core/Src/main.d" -MT"Core/Src/main.o" --specs=nano.specs -mfpu=fpv4-sp-d16 -mfloat-abi=hard -mthumb -o "Core/Src/main.o"
arm-none-eabi-gcc -o "F407VE_SPI_Slave_Test.elf" @"objects.list"   -mcpu=cortex-m4 -T"C:\Users\Bico\Desktop\STM32_Learning_HAL_Driver\F407VE_SPI_Slave_Test\STM32F407VETX_FLASH.ld" --specs=nosys.specs -Wl,-Map="F407VE_SPI_Slave_Test.map" -Wl,--gc-sections -static --specs=nano.specs -mfpu=fpv4-sp-d16 -mfloat-abi=hard -mthumb -Wl,--start-group -lc -lm -Wl,--end-group
Finished building target: F407VE_SPI_Slave_Test.elf
 
arm-none-eabi-objdump -h -S  F407VE_SPI_Slave_Test.elf  > "F407VE_SPI_Slave_Test.list"
arm-none-eabi-size   F407VE_SPI_Slave_Test.elf 
   text	   data	    bss	    dec	    hex	filename
  13772	    120	   1680	  15572	   3cd4	F407VE_SPI_Slave_Test.elf
Finished building: default.size.stdout
 
Finished building: F407VE_SPI_Slave_Test.list
 
21:33:24 **** Incremental Build of configuration Debug for project F407VE_SPI_Slave_Test ****
make -j4 all 
arm-none-eabi-size   F407VE_SPI_Slave_Test.elf 
   text	   data	    bss	    dec	    hex	filename
  13772	    120	   1680	  15572	   3cd4	F407VE_SPI_Slave_Test.elf
Finished building: default.size.stdout
 
21:34:09 **** Incremental Build of configuration Debug for project F407VE_SPI_Slave_Test ****
make -j4 all 
arm-none-eabi-size   F407VE_SPI_Slave_Test.elf 
   text	   data	    bss	    dec	    hex	filename
  13772	    120	   1680	  15572	   3cd4	F407VE_SPI_Slave_Test.elf
Finished building: default.size.stdout
 
21:35:03 **** Incremental Build of configuration Debug for project F407VE_SPI_Slave_Test ****
make -j4 all 
arm-none-eabi-gcc "../Core/Src/main.c" -mcpu=cortex-m4 -std=gnu11 -g3 -DUSE_HAL_DRIVER -DDEBUG -DSTM32F407xx -c -I../Drivers/CMSIS/Include -I../Drivers/STM32F4xx_HAL_Driver/Inc -I../Core/Inc -I../Drivers/CMSIS/Device/ST/STM32F4xx/Include -I../Drivers/STM32F4xx_HAL_Driver/Inc/Legacy -O0 -ffunction-sections -fdata-sections -Wall -fstack-usage -MMD -MP -MF"Core/Src/main.d" -MT"Core/Src/main.o" --specs=nano.specs -mfpu=fpv4-sp-d16 -mfloat-abi=hard -mthumb -o "Core/Src/main.o"
arm-none-eabi-gcc -o "F407VE_SPI_Slave_Test.elf" @"objects.list"   -mcpu=cortex-m4 -T"C:\Users\Bico\Desktop\STM32_Learning_HAL_Driver\F407VE_SPI_Slave_Test\STM32F407VETX_FLASH.ld" --specs=nosys.specs -Wl,-Map="F407VE_SPI_Slave_Test.map" -Wl,--gc-sections -static --specs=nano.specs -mfpu=fpv4-sp-d16 -mfloat-abi=hard -mthumb -Wl,--start-group -lc -lm -Wl,--end-group
Finished building target: F407VE_SPI_Slave_Test.elf
 
arm-none-eabi-objdump -h -S  F407VE_SPI_Slave_Test.elf  > "F407VE_SPI_Slave_Test.list"
arm-none-eabi-size   F407VE_SPI_Slave_Test.elf 
   text	   data	    bss	    dec	    hex	filename
  13848	    120	   1680	  15648	   3d20	F407VE_SPI_Slave_Test.elf
Finished building: default.size.stdout
 
Finished building: F407VE_SPI_Slave_Test.list
 
21:35:47 **** Incremental Build of configuration Debug for project F407VE_SPI_Slave_Test ****
make -j4 all 
arm-none-eabi-gcc "../Core/Src/main.c" -mcpu=cortex-m4 -std=gnu11 -g3 -DUSE_HAL_DRIVER -DDEBUG -DSTM32F407xx -c -I../Drivers/CMSIS/Include -I../Drivers/STM32F4xx_HAL_Driver/Inc -I../Core/Inc -I../Drivers/CMSIS/Device/ST/STM32F4xx/Include -I../Drivers/STM32F4xx_HAL_Driver/Inc/Legacy -O0 -ffunction-sections -fdata-sections -Wall -fstack-usage -MMD -MP -MF"Core/Src/main.d" -MT"Core/Src/main.o" --specs=nano.specs -mfpu=fpv4-sp-d16 -mfloat-abi=hard -mthumb -o "Core/Src/main.o"
arm-none-eabi-gcc -o "F407VE_SPI_Slave_Test.elf" @"objects.list"   -mcpu=cortex-m4 -T"C:\Users\Bico\Desktop\STM32_Learning_HAL_Driver\F407VE_SPI_Slave_Test\STM32F407VETX_FLASH.ld" --specs=nosys.specs -Wl,-Map="F407VE_SPI_Slave_Test.map" -Wl,--gc-sections -static --specs=nano.specs -mfpu=fpv4-sp-d16 -mfloat-abi=hard -mthumb -Wl,--start-group -lc -lm -Wl,--end-group
Finished building target: F407VE_SPI_Slave_Test.elf
 
arm-none-eabi-objdump -h -S  F407VE_SPI_Slave_Test.elf  > "F407VE_SPI_Slave_Test.list"
arm-none-eabi-size   F407VE_SPI_Slave_Test.elf 
   text	   data	    bss	    dec	    hex	filename
  13852	    120	   1680	  15652	   3d24	F407VE_SPI_Slave_Test.elf
Finished building: default.size.stdout
 
Finished building: F407VE_SPI_Slave_Test.list
 
21:38:54 **** Incremental Build of configuration Debug for project F407VE_SPI_Slave_Test ****
make -j4 all 
arm-none-eabi-gcc "../Core/Src/main.c" -mcpu=cortex-m4 -std=gnu11 -g3 -DUSE_HAL_DRIVER -DDEBUG -DSTM32F407xx -c -I../Drivers/CMSIS/Include -I../Drivers/STM32F4xx_HAL_Driver/Inc -I../Core/Inc -I../Drivers/CMSIS/Device/ST/STM32F4xx/Include -I../Drivers/STM32F4xx_HAL_Driver/Inc/Legacy -O0 -ffunction-sections -fdata-sections -Wall -fstack-usage -MMD -MP -MF"Core/Src/main.d" -MT"Core/Src/main.o" --specs=nano.specs -mfpu=fpv4-sp-d16 -mfloat-abi=hard -mthumb -o "Core/Src/main.o"
../Core/Src/main.c: In function 'main':
../Core/Src/main.c:95:20: error: 'hspi' undeclared (first use in this function); did you mean 'hspi1'?
   HAL_SPI_Transmit(hspi, &spi_rev_data, 1, 1);
                    ^~~~
                    hspi1
../Core/Src/main.c:95:20: note: each undeclared identifier is reported only once for each function it appears in
make: *** [Core/Src/subdir.mk:33: Core/Src/main.o] Error 1
"make -j4 all" terminated with exit code 2. Build might be incomplete.
21:41:29 **** Incremental Build of configuration Debug for project F407VE_SPI_Slave_Test ****
make -j4 all 
arm-none-eabi-gcc "../Core/Src/main.c" -mcpu=cortex-m4 -std=gnu11 -g3 -DUSE_HAL_DRIVER -DDEBUG -DSTM32F407xx -c -I../Drivers/CMSIS/Include -I../Drivers/STM32F4xx_HAL_Driver/Inc -I../Core/Inc -I../Drivers/CMSIS/Device/ST/STM32F4xx/Include -I../Drivers/STM32F4xx_HAL_Driver/Inc/Legacy -O0 -ffunction-sections -fdata-sections -Wall -fstack-usage -MMD -MP -MF"Core/Src/main.d" -MT"Core/Src/main.o" --specs=nano.specs -mfpu=fpv4-sp-d16 -mfloat-abi=hard -mthumb -o "Core/Src/main.o"
arm-none-eabi-gcc -o "F407VE_SPI_Slave_Test.elf" @"objects.list"   -mcpu=cortex-m4 -T"C:\Users\Bico\Desktop\STM32_Learning_HAL_Driver\F407VE_SPI_Slave_Test\STM32F407VETX_FLASH.ld" --specs=nosys.specs -Wl,-Map="F407VE_SPI_Slave_Test.map" -Wl,--gc-sections -static --specs=nano.specs -mfpu=fpv4-sp-d16 -mfloat-abi=hard -mthumb -Wl,--start-group -lc -lm -Wl,--end-group
Finished building target: F407VE_SPI_Slave_Test.elf
 
arm-none-eabi-objdump -h -S  F407VE_SPI_Slave_Test.elf  > "F407VE_SPI_Slave_Test.list"
arm-none-eabi-size   F407VE_SPI_Slave_Test.elf 
   text	   data	    bss	    dec	    hex	filename
  13864	    124	   1676	  15664	   3d30	F407VE_SPI_Slave_Test.elf
Finished building: default.size.stdout
 
Finished building: F407VE_SPI_Slave_Test.list
 
21:43:56 **** Incremental Build of configuration Debug for project F407VE_SPI_Slave_Test ****
make -j4 all 
arm-none-eabi-gcc "../Core/Src/main.c" -mcpu=cortex-m4 -std=gnu11 -g3 -DUSE_HAL_DRIVER -DDEBUG -DSTM32F407xx -c -I../Drivers/CMSIS/Include -I../Drivers/STM32F4xx_HAL_Driver/Inc -I../Core/Inc -I../Drivers/CMSIS/Device/ST/STM32F4xx/Include -I../Drivers/STM32F4xx_HAL_Driver/Inc/Legacy -O0 -ffunction-sections -fdata-sections -Wall -fstack-usage -MMD -MP -MF"Core/Src/main.d" -MT"Core/Src/main.o" --specs=nano.specs -mfpu=fpv4-sp-d16 -mfloat-abi=hard -mthumb -o "Core/Src/main.o"
arm-none-eabi-gcc -o "F407VE_SPI_Slave_Test.elf" @"objects.list"   -mcpu=cortex-m4 -T"C:\Users\Bico\Desktop\STM32_Learning_HAL_Driver\F407VE_SPI_Slave_Test\STM32F407VETX_FLASH.ld" --specs=nosys.specs -Wl,-Map="F407VE_SPI_Slave_Test.map" -Wl,--gc-sections -static --specs=nano.specs -mfpu=fpv4-sp-d16 -mfloat-abi=hard -mthumb -Wl,--start-group -lc -lm -Wl,--end-group
Finished building target: F407VE_SPI_Slave_Test.elf
 
arm-none-eabi-objdump -h -S  F407VE_SPI_Slave_Test.elf  > "F407VE_SPI_Slave_Test.list"
arm-none-eabi-size   F407VE_SPI_Slave_Test.elf 
   text	   data	    bss	    dec	    hex	filename
  13872	    124	   1676	  15672	   3d38	F407VE_SPI_Slave_Test.elf
Finished building: default.size.stdout
 
Finished building: F407VE_SPI_Slave_Test.list
 
22:09:01 **** Incremental Build of configuration Debug for project F407VE_SPI_Slave_Test ****
make -j4 all 
arm-none-eabi-gcc "../Core/Src/main.c" -mcpu=cortex-m4 -std=gnu11 -g3 -DUSE_HAL_DRIVER -DDEBUG -DSTM32F407xx -c -I../Drivers/CMSIS/Include -I../Drivers/STM32F4xx_HAL_Driver/Inc -I../Core/Inc -I../Drivers/CMSIS/Device/ST/STM32F4xx/Include -I../Drivers/STM32F4xx_HAL_Driver/Inc/Legacy -O0 -ffunction-sections -fdata-sections -Wall -fstack-usage -MMD -MP -MF"Core/Src/main.d" -MT"Core/Src/main.o" --specs=nano.specs -mfpu=fpv4-sp-d16 -mfloat-abi=hard -mthumb -o "Core/Src/main.o"
arm-none-eabi-gcc -o "F407VE_SPI_Slave_Test.elf" @"objects.list"   -mcpu=cortex-m4 -T"C:\Users\Bico\Desktop\STM32_Learning_HAL_Driver\F407VE_SPI_Slave_Test\STM32F407VETX_FLASH.ld" --specs=nosys.specs -Wl,-Map="F407VE_SPI_Slave_Test.map" -Wl,--gc-sections -static --specs=nano.specs -mfpu=fpv4-sp-d16 -mfloat-abi=hard -mthumb -Wl,--start-group -lc -lm -Wl,--end-group
Finished building target: F407VE_SPI_Slave_Test.elf
 
arm-none-eabi-objdump -h -S  F407VE_SPI_Slave_Test.elf  > "F407VE_SPI_Slave_Test.list"
arm-none-eabi-size   F407VE_SPI_Slave_Test.elf 
   text	   data	    bss	    dec	    hex	filename
  13872	    124	   1676	  15672	   3d38	F407VE_SPI_Slave_Test.elf
Finished building: default.size.stdout
 
Finished building: F407VE_SPI_Slave_Test.list
 
22:09:55 **** Incremental Build of configuration Debug for project F407VE_SPI_Slave_Test ****
make -j4 all 
arm-none-eabi-gcc "../Core/Src/main.c" -mcpu=cortex-m4 -std=gnu11 -g3 -DUSE_HAL_DRIVER -DDEBUG -DSTM32F407xx -c -I../Drivers/CMSIS/Include -I../Drivers/STM32F4xx_HAL_Driver/Inc -I../Core/Inc -I../Drivers/CMSIS/Device/ST/STM32F4xx/Include -I../Drivers/STM32F4xx_HAL_Driver/Inc/Legacy -O0 -ffunction-sections -fdata-sections -Wall -fstack-usage -MMD -MP -MF"Core/Src/main.d" -MT"Core/Src/main.o" --specs=nano.specs -mfpu=fpv4-sp-d16 -mfloat-abi=hard -mthumb -o "Core/Src/main.o"
arm-none-eabi-gcc -o "F407VE_SPI_Slave_Test.elf" @"objects.list"   -mcpu=cortex-m4 -T"C:\Users\Bico\Desktop\STM32_Learning_HAL_Driver\F407VE_SPI_Slave_Test\STM32F407VETX_FLASH.ld" --specs=nosys.specs -Wl,-Map="F407VE_SPI_Slave_Test.map" -Wl,--gc-sections -static --specs=nano.specs -mfpu=fpv4-sp-d16 -mfloat-abi=hard -mthumb -Wl,--start-group -lc -lm -Wl,--end-group
Finished building target: F407VE_SPI_Slave_Test.elf
 
arm-none-eabi-objdump -h -S  F407VE_SPI_Slave_Test.elf  > "F407VE_SPI_Slave_Test.list"
arm-none-eabi-size   F407VE_SPI_Slave_Test.elf 
   text	   data	    bss	    dec	    hex	filename
  13224	    120	   1680	  15024	   3ab0	F407VE_SPI_Slave_Test.elf
Finished building: default.size.stdout
 
Finished building: F407VE_SPI_Slave_Test.list
 
22:10:28 **** Incremental Build of configuration Debug for project F407VE_SPI_Slave_Test ****
make -j4 all 
arm-none-eabi-gcc "../Core/Src/main.c" -mcpu=cortex-m4 -std=gnu11 -g3 -DUSE_HAL_DRIVER -DDEBUG -DSTM32F407xx -c -I../Drivers/CMSIS/Include -I../Drivers/STM32F4xx_HAL_Driver/Inc -I../Core/Inc -I../Drivers/CMSIS/Device/ST/STM32F4xx/Include -I../Drivers/STM32F4xx_HAL_Driver/Inc/Legacy -O0 -ffunction-sections -fdata-sections -Wall -fstack-usage -MMD -MP -MF"Core/Src/main.d" -MT"Core/Src/main.o" --specs=nano.specs -mfpu=fpv4-sp-d16 -mfloat-abi=hard -mthumb -o "Core/Src/main.o"
arm-none-eabi-gcc -o "F407VE_SPI_Slave_Test.elf" @"objects.list"   -mcpu=cortex-m4 -T"C:\Users\Bico\Desktop\STM32_Learning_HAL_Driver\F407VE_SPI_Slave_Test\STM32F407VETX_FLASH.ld" --specs=nosys.specs -Wl,-Map="F407VE_SPI_Slave_Test.map" -Wl,--gc-sections -static --specs=nano.specs -mfpu=fpv4-sp-d16 -mfloat-abi=hard -mthumb -Wl,--start-group -lc -lm -Wl,--end-group
Finished building target: F407VE_SPI_Slave_Test.elf
 
arm-none-eabi-objdump -h -S  F407VE_SPI_Slave_Test.elf  > "F407VE_SPI_Slave_Test.list"
arm-none-eabi-size   F407VE_SPI_Slave_Test.elf 
   text	   data	    bss	    dec	    hex	filename
  13856	    124	   1676	  15656	   3d28	F407VE_SPI_Slave_Test.elf
Finished building: default.size.stdout
 
Finished building: F407VE_SPI_Slave_Test.list
 
22:11:54 **** Incremental Build of configuration Debug for project F407VE_SPI_Slave_Test ****
make -j4 all 
arm-none-eabi-gcc "../Core/Src/main.c" -mcpu=cortex-m4 -std=gnu11 -g3 -DUSE_HAL_DRIVER -DDEBUG -DSTM32F407xx -c -I../Drivers/CMSIS/Include -I../Drivers/STM32F4xx_HAL_Driver/Inc -I../Core/Inc -I../Drivers/CMSIS/Device/ST/STM32F4xx/Include -I../Drivers/STM32F4xx_HAL_Driver/Inc/Legacy -O0 -ffunction-sections -fdata-sections -Wall -fstack-usage -MMD -MP -MF"Core/Src/main.d" -MT"Core/Src/main.o" --specs=nano.specs -mfpu=fpv4-sp-d16 -mfloat-abi=hard -mthumb -o "Core/Src/main.o"
arm-none-eabi-gcc -o "F407VE_SPI_Slave_Test.elf" @"objects.list"   -mcpu=cortex-m4 -T"C:\Users\Bico\Desktop\STM32_Learning_HAL_Driver\F407VE_SPI_Slave_Test\STM32F407VETX_FLASH.ld" --specs=nosys.specs -Wl,-Map="F407VE_SPI_Slave_Test.map" -Wl,--gc-sections -static --specs=nano.specs -mfpu=fpv4-sp-d16 -mfloat-abi=hard -mthumb -Wl,--start-group -lc -lm -Wl,--end-group
Finished building target: F407VE_SPI_Slave_Test.elf
 
arm-none-eabi-objdump -h -S  F407VE_SPI_Slave_Test.elf  > "F407VE_SPI_Slave_Test.list"
arm-none-eabi-size   F407VE_SPI_Slave_Test.elf 
   text	   data	    bss	    dec	    hex	filename
  13224	    120	   1680	  15024	   3ab0	F407VE_SPI_Slave_Test.elf
Finished building: default.size.stdout
 
Finished building: F407VE_SPI_Slave_Test.list
 
22:22:38 **** Incremental Build of configuration Debug for project F407VE_SPI_Slave_Test ****
make -j4 all 
arm-none-eabi-gcc "../Drivers/STM32F4xx_HAL_Driver/Src/stm32f4xx_hal_spi.c" -mcpu=cortex-m4 -std=gnu11 -g3 -DUSE_HAL_DRIVER -DDEBUG -DSTM32F407xx -c -I../Drivers/CMSIS/Include -I../Drivers/STM32F4xx_HAL_Driver/Inc -I../Core/Inc -I../Drivers/CMSIS/Device/ST/STM32F4xx/Include -I../Drivers/STM32F4xx_HAL_Driver/Inc/Legacy -O0 -ffunction-sections -fdata-sections -Wall -fstack-usage -MMD -MP -MF"Drivers/STM32F4xx_HAL_Driver/Src/stm32f4xx_hal_spi.d" -MT"Drivers/STM32F4xx_HAL_Driver/Src/stm32f4xx_hal_spi.o" --specs=nano.specs -mfpu=fpv4-sp-d16 -mfloat-abi=hard -mthumb -o "Drivers/STM32F4xx_HAL_Driver/Src/stm32f4xx_hal_spi.o"
arm-none-eabi-gcc "../Core/Src/main.c" -mcpu=cortex-m4 -std=gnu11 -g3 -DUSE_HAL_DRIVER -DDEBUG -DSTM32F407xx -c -I../Drivers/CMSIS/Include -I../Drivers/STM32F4xx_HAL_Driver/Inc -I../Core/Inc -I../Drivers/CMSIS/Device/ST/STM32F4xx/Include -I../Drivers/STM32F4xx_HAL_Driver/Inc/Legacy -O0 -ffunction-sections -fdata-sections -Wall -fstack-usage -MMD -MP -MF"Core/Src/main.d" -MT"Core/Src/main.o" --specs=nano.specs -mfpu=fpv4-sp-d16 -mfloat-abi=hard -mthumb -o "Core/Src/main.o"
../Drivers/STM32F4xx_HAL_Driver/Src/stm32f4xx_hal_spi.c: In function 'HAL_SPI_Transmit':
../Drivers/STM32F4xx_HAL_Driver/Src/stm32f4xx_hal_spi.c:846:7: warning: implicit declaration of function 'printf' [-Wimplicit-function-declaration]
       printf("%d\r\n", *((__IO uint8_t *)&hspi->Instance->DR));
       ^~~~~~
../Drivers/STM32F4xx_HAL_Driver/Src/stm32f4xx_hal_spi.c:846:7: warning: incompatible implicit declaration of built-in function 'printf'
../Drivers/STM32F4xx_HAL_Driver/Src/stm32f4xx_hal_spi.c:846:7: note: include '<stdio.h>' or provide a declaration of 'printf'
arm-none-eabi-gcc -o "F407VE_SPI_Slave_Test.elf" @"objects.list"   -mcpu=cortex-m4 -T"C:\Users\Bico\Desktop\STM32_Learning_HAL_Driver\F407VE_SPI_Slave_Test\STM32F407VETX_FLASH.ld" --specs=nosys.specs -Wl,-Map="F407VE_SPI_Slave_Test.map" -Wl,--gc-sections -static --specs=nano.specs -mfpu=fpv4-sp-d16 -mfloat-abi=hard -mthumb -Wl,--start-group -lc -lm -Wl,--end-group
Finished building target: F407VE_SPI_Slave_Test.elf
 
arm-none-eabi-objdump -h -S  F407VE_SPI_Slave_Test.elf  > "F407VE_SPI_Slave_Test.list"
arm-none-eabi-size   F407VE_SPI_Slave_Test.elf 
   text	   data	    bss	    dec	    hex	filename
  13904	    124	   1676	  15704	   3d58	F407VE_SPI_Slave_Test.elf
Finished building: default.size.stdout
 
Finished building: F407VE_SPI_Slave_Test.list
 
22:26:11 **** Incremental Build of configuration Debug for project F407VE_SPI_Slave_Test ****
make -j4 all 
arm-none-eabi-gcc "../Drivers/STM32F4xx_HAL_Driver/Src/stm32f4xx_hal_spi.c" -mcpu=cortex-m4 -std=gnu11 -g3 -DUSE_HAL_DRIVER -DDEBUG -DSTM32F407xx -c -I../Drivers/CMSIS/Include -I../Drivers/STM32F4xx_HAL_Driver/Inc -I../Core/Inc -I../Drivers/CMSIS/Device/ST/STM32F4xx/Include -I../Drivers/STM32F4xx_HAL_Driver/Inc/Legacy -O0 -ffunction-sections -fdata-sections -Wall -fstack-usage -MMD -MP -MF"Drivers/STM32F4xx_HAL_Driver/Src/stm32f4xx_hal_spi.d" -MT"Drivers/STM32F4xx_HAL_Driver/Src/stm32f4xx_hal_spi.o" --specs=nano.specs -mfpu=fpv4-sp-d16 -mfloat-abi=hard -mthumb -o "Drivers/STM32F4xx_HAL_Driver/Src/stm32f4xx_hal_spi.o"
../Drivers/STM32F4xx_HAL_Driver/Src/stm32f4xx_hal_spi.c: In function 'HAL_SPI_Transmit':
../Drivers/STM32F4xx_HAL_Driver/Src/stm32f4xx_hal_spi.c:846:7: warning: implicit declaration of function 'printf' [-Wimplicit-function-declaration]
       printf("x %d\r\n", (*hspi->pTxBuffPtr));
       ^~~~~~
../Drivers/STM32F4xx_HAL_Driver/Src/stm32f4xx_hal_spi.c:846:7: warning: incompatible implicit declaration of built-in function 'printf'
../Drivers/STM32F4xx_HAL_Driver/Src/stm32f4xx_hal_spi.c:846:7: note: include '<stdio.h>' or provide a declaration of 'printf'
arm-none-eabi-gcc -o "F407VE_SPI_Slave_Test.elf" @"objects.list"   -mcpu=cortex-m4 -T"C:\Users\Bico\Desktop\STM32_Learning_HAL_Driver\F407VE_SPI_Slave_Test\STM32F407VETX_FLASH.ld" --specs=nosys.specs -Wl,-Map="F407VE_SPI_Slave_Test.map" -Wl,--gc-sections -static --specs=nano.specs -mfpu=fpv4-sp-d16 -mfloat-abi=hard -mthumb -Wl,--start-group -lc -lm -Wl,--end-group
Finished building target: F407VE_SPI_Slave_Test.elf
 
arm-none-eabi-objdump -h -S  F407VE_SPI_Slave_Test.elf  > "F407VE_SPI_Slave_Test.list"
arm-none-eabi-size   F407VE_SPI_Slave_Test.elf 
   text	   data	    bss	    dec	    hex	filename
  13928	    124	   1676	  15728	   3d70	F407VE_SPI_Slave_Test.elf
Finished building: default.size.stdout
 
Finished building: F407VE_SPI_Slave_Test.list
 
22:27:58 **** Incremental Build of configuration Debug for project F407VE_SPI_Slave_Test ****
make -j4 all 
arm-none-eabi-gcc "../Drivers/STM32F4xx_HAL_Driver/Src/stm32f4xx_hal_spi.c" -mcpu=cortex-m4 -std=gnu11 -g3 -DUSE_HAL_DRIVER -DDEBUG -DSTM32F407xx -c -I../Drivers/CMSIS/Include -I../Drivers/STM32F4xx_HAL_Driver/Inc -I../Core/Inc -I../Drivers/CMSIS/Device/ST/STM32F4xx/Include -I../Drivers/STM32F4xx_HAL_Driver/Inc/Legacy -O0 -ffunction-sections -fdata-sections -Wall -fstack-usage -MMD -MP -MF"Drivers/STM32F4xx_HAL_Driver/Src/stm32f4xx_hal_spi.d" -MT"Drivers/STM32F4xx_HAL_Driver/Src/stm32f4xx_hal_spi.o" --specs=nano.specs -mfpu=fpv4-sp-d16 -mfloat-abi=hard -mthumb -o "Drivers/STM32F4xx_HAL_Driver/Src/stm32f4xx_hal_spi.o"
../Drivers/STM32F4xx_HAL_Driver/Src/stm32f4xx_hal_spi.c: In function 'HAL_SPI_Transmit':
../Drivers/STM32F4xx_HAL_Driver/Src/stm32f4xx_hal_spi.c:846:7: warning: implicit declaration of function 'printf' [-Wimplicit-function-declaration]
       printf("x %d\r\n", (*hspi->pTxBuffPtr));
       ^~~~~~
../Drivers/STM32F4xx_HAL_Driver/Src/stm32f4xx_hal_spi.c:846:7: warning: incompatible implicit declaration of built-in function 'printf'
../Drivers/STM32F4xx_HAL_Driver/Src/stm32f4xx_hal_spi.c:846:7: note: include '<stdio.h>' or provide a declaration of 'printf'
../Drivers/STM32F4xx_HAL_Driver/Src/stm32f4xx_hal_spi.c:847:18: warning: format '%d' expects argument of type 'int', but argument 2 has type 'uint32_t {aka volatile long unsigned int}' [-Wformat=]
       printf("y %d\r\n", hspi->Instance->DR));
                 ~^       ~~~~~~~~~~~~~~~~~~
                 %ld
../Drivers/STM32F4xx_HAL_Driver/Src/stm32f4xx_hal_spi.c:847:45: error: expected ';' before ')' token
       printf("y %d\r\n", hspi->Instance->DR));
                                             ^
../Drivers/STM32F4xx_HAL_Driver/Src/stm32f4xx_hal_spi.c:847:45: error: expected statement before ')' token
make: *** [Drivers/STM32F4xx_HAL_Driver/Src/subdir.mk:89: Drivers/STM32F4xx_HAL_Driver/Src/stm32f4xx_hal_spi.o] Error 1
"make -j4 all" terminated with exit code 2. Build might be incomplete.
22:28:16 **** Incremental Build of configuration Debug for project F407VE_SPI_Slave_Test ****
make -j4 all 
arm-none-eabi-gcc "../Drivers/STM32F4xx_HAL_Driver/Src/stm32f4xx_hal_spi.c" -mcpu=cortex-m4 -std=gnu11 -g3 -DUSE_HAL_DRIVER -DDEBUG -DSTM32F407xx -c -I../Drivers/CMSIS/Include -I../Drivers/STM32F4xx_HAL_Driver/Inc -I../Core/Inc -I../Drivers/CMSIS/Device/ST/STM32F4xx/Include -I../Drivers/STM32F4xx_HAL_Driver/Inc/Legacy -O0 -ffunction-sections -fdata-sections -Wall -fstack-usage -MMD -MP -MF"Drivers/STM32F4xx_HAL_Driver/Src/stm32f4xx_hal_spi.d" -MT"Drivers/STM32F4xx_HAL_Driver/Src/stm32f4xx_hal_spi.o" --specs=nano.specs -mfpu=fpv4-sp-d16 -mfloat-abi=hard -mthumb -o "Drivers/STM32F4xx_HAL_Driver/Src/stm32f4xx_hal_spi.o"
../Drivers/STM32F4xx_HAL_Driver/Src/stm32f4xx_hal_spi.c: In function 'HAL_SPI_Transmit':
../Drivers/STM32F4xx_HAL_Driver/Src/stm32f4xx_hal_spi.c:846:7: warning: implicit declaration of function 'printf' [-Wimplicit-function-declaration]
       printf("x %d\r\n", (*hspi->pTxBuffPtr));
       ^~~~~~
../Drivers/STM32F4xx_HAL_Driver/Src/stm32f4xx_hal_spi.c:846:7: warning: incompatible implicit declaration of built-in function 'printf'
../Drivers/STM32F4xx_HAL_Driver/Src/stm32f4xx_hal_spi.c:846:7: note: include '<stdio.h>' or provide a declaration of 'printf'
../Drivers/STM32F4xx_HAL_Driver/Src/stm32f4xx_hal_spi.c:847:18: warning: format '%d' expects argument of type 'int', but argument 2 has type 'uint32_t {aka volatile long unsigned int}' [-Wformat=]
       printf("y %d\r\n", hspi->Instance->DR);
                 ~^       ~~~~~~~~~~~~~~~~~~
                 %ld
arm-none-eabi-gcc -o "F407VE_SPI_Slave_Test.elf" @"objects.list"   -mcpu=cortex-m4 -T"C:\Users\Bico\Desktop\STM32_Learning_HAL_Driver\F407VE_SPI_Slave_Test\STM32F407VETX_FLASH.ld" --specs=nosys.specs -Wl,-Map="F407VE_SPI_Slave_Test.map" -Wl,--gc-sections -static --specs=nano.specs -mfpu=fpv4-sp-d16 -mfloat-abi=hard -mthumb -Wl,--start-group -lc -lm -Wl,--end-group
Finished building target: F407VE_SPI_Slave_Test.elf
 
arm-none-eabi-objdump -h -S  F407VE_SPI_Slave_Test.elf  > "F407VE_SPI_Slave_Test.list"
arm-none-eabi-size   F407VE_SPI_Slave_Test.elf 
   text	   data	    bss	    dec	    hex	filename
  13924	    124	   1676	  15724	   3d6c	F407VE_SPI_Slave_Test.elf
Finished building: default.size.stdout
 
Finished building: F407VE_SPI_Slave_Test.list
 
22:28:45 **** Incremental Build of configuration Debug for project F407VE_SPI_Slave_Test ****
make -j4 all 
arm-none-eabi-size   F407VE_SPI_Slave_Test.elf 
   text	   data	    bss	    dec	    hex	filename
  13924	    124	   1676	  15724	   3d6c	F407VE_SPI_Slave_Test.elf
Finished building: default.size.stdout
 
22:32:10 **** Incremental Build of configuration Debug for project F407VE_SPI_Slave_Test ****
make -j4 all 
arm-none-eabi-gcc "../Drivers/STM32F4xx_HAL_Driver/Src/stm32f4xx_hal_spi.c" -mcpu=cortex-m4 -std=gnu11 -g3 -DUSE_HAL_DRIVER -DDEBUG -DSTM32F407xx -c -I../Drivers/CMSIS/Include -I../Drivers/STM32F4xx_HAL_Driver/Inc -I../Core/Inc -I../Drivers/CMSIS/Device/ST/STM32F4xx/Include -I../Drivers/STM32F4xx_HAL_Driver/Inc/Legacy -O0 -ffunction-sections -fdata-sections -Wall -fstack-usage -MMD -MP -MF"Drivers/STM32F4xx_HAL_Driver/Src/stm32f4xx_hal_spi.d" -MT"Drivers/STM32F4xx_HAL_Driver/Src/stm32f4xx_hal_spi.o" --specs=nano.specs -mfpu=fpv4-sp-d16 -mfloat-abi=hard -mthumb -o "Drivers/STM32F4xx_HAL_Driver/Src/stm32f4xx_hal_spi.o"
../Drivers/STM32F4xx_HAL_Driver/Src/stm32f4xx_hal_spi.c: In function 'HAL_SPI_Transmit':
../Drivers/STM32F4xx_HAL_Driver/Src/stm32f4xx_hal_spi.c:846:7: warning: implicit declaration of function 'printf' [-Wimplicit-function-declaration]
       printf("x %d\r\n", (*hspi->pTxBuffPtr));
       ^~~~~~
../Drivers/STM32F4xx_HAL_Driver/Src/stm32f4xx_hal_spi.c:846:7: warning: incompatible implicit declaration of built-in function 'printf'
../Drivers/STM32F4xx_HAL_Driver/Src/stm32f4xx_hal_spi.c:846:7: note: include '<stdio.h>' or provide a declaration of 'printf'
arm-none-eabi-gcc -o "F407VE_SPI_Slave_Test.elf" @"objects.list"   -mcpu=cortex-m4 -T"C:\Users\Bico\Desktop\STM32_Learning_HAL_Driver\F407VE_SPI_Slave_Test\STM32F407VETX_FLASH.ld" --specs=nosys.specs -Wl,-Map="F407VE_SPI_Slave_Test.map" -Wl,--gc-sections -static --specs=nano.specs -mfpu=fpv4-sp-d16 -mfloat-abi=hard -mthumb -Wl,--start-group -lc -lm -Wl,--end-group
Finished building target: F407VE_SPI_Slave_Test.elf
 
arm-none-eabi-objdump -h -S  F407VE_SPI_Slave_Test.elf  > "F407VE_SPI_Slave_Test.list"
arm-none-eabi-size   F407VE_SPI_Slave_Test.elf 
   text	   data	    bss	    dec	    hex	filename
  13928	    124	   1676	  15728	   3d70	F407VE_SPI_Slave_Test.elf
Finished building: default.size.stdout
 
Finished building: F407VE_SPI_Slave_Test.list
 
22:50:55 **** Incremental Build of configuration Debug for project F407VE_SPI_Slave_Test ****
make -j4 all 
arm-none-eabi-gcc "../Drivers/STM32F4xx_HAL_Driver/Src/stm32f4xx_hal_spi.c" -mcpu=cortex-m4 -std=gnu11 -g3 -DUSE_HAL_DRIVER -DDEBUG -DSTM32F407xx -c -I../Drivers/CMSIS/Include -I../Drivers/STM32F4xx_HAL_Driver/Inc -I../Core/Inc -I../Drivers/CMSIS/Device/ST/STM32F4xx/Include -I../Drivers/STM32F4xx_HAL_Driver/Inc/Legacy -O0 -ffunction-sections -fdata-sections -Wall -fstack-usage -MMD -MP -MF"Drivers/STM32F4xx_HAL_Driver/Src/stm32f4xx_hal_spi.d" -MT"Drivers/STM32F4xx_HAL_Driver/Src/stm32f4xx_hal_spi.o" --specs=nano.specs -mfpu=fpv4-sp-d16 -mfloat-abi=hard -mthumb -o "Drivers/STM32F4xx_HAL_Driver/Src/stm32f4xx_hal_spi.o"
../Drivers/STM32F4xx_HAL_Driver/Src/stm32f4xx_hal_spi.c: In function 'HAL_SPI_Transmit':
../Drivers/STM32F4xx_HAL_Driver/Src/stm32f4xx_hal_spi.c:846:7: warning: implicit declaration of function 'printf' [-Wimplicit-function-declaration]
       printf("x %d\r\n", (*hspi->pTxBuffPtr));
       ^~~~~~
../Drivers/STM32F4xx_HAL_Driver/Src/stm32f4xx_hal_spi.c:846:7: warning: incompatible implicit declaration of built-in function 'printf'
../Drivers/STM32F4xx_HAL_Driver/Src/stm32f4xx_hal_spi.c:846:7: note: include '<stdio.h>' or provide a declaration of 'printf'
arm-none-eabi-gcc -o "F407VE_SPI_Slave_Test.elf" @"objects.list"   -mcpu=cortex-m4 -T"C:\Users\Bico\Desktop\STM32_Learning_HAL_Driver\F407VE_SPI_Slave_Test\STM32F407VETX_FLASH.ld" --specs=nosys.specs -Wl,-Map="F407VE_SPI_Slave_Test.map" -Wl,--gc-sections -static --specs=nano.specs -mfpu=fpv4-sp-d16 -mfloat-abi=hard -mthumb -Wl,--start-group -lc -lm -Wl,--end-group
Finished building target: F407VE_SPI_Slave_Test.elf
 
arm-none-eabi-objdump -h -S  F407VE_SPI_Slave_Test.elf  > "F407VE_SPI_Slave_Test.list"
arm-none-eabi-size   F407VE_SPI_Slave_Test.elf 
   text	   data	    bss	    dec	    hex	filename
  13928	    124	   1676	  15728	   3d70	F407VE_SPI_Slave_Test.elf
Finished building: default.size.stdout
 
Finished building: F407VE_SPI_Slave_Test.list
 
22:51:19 **** Incremental Build of configuration Debug for project F407VE_SPI_Slave_Test ****
make -j4 all 
arm-none-eabi-size   F407VE_SPI_Slave_Test.elf 
   text	   data	    bss	    dec	    hex	filename
  13928	    124	   1676	  15728	   3d70	F407VE_SPI_Slave_Test.elf
Finished building: default.size.stdout
 
22:52:20 **** Incremental Build of configuration Debug for project F407VE_SPI_Slave_Test ****
make -j4 all 
arm-none-eabi-gcc "../Drivers/STM32F4xx_HAL_Driver/Src/stm32f4xx_hal_spi.c" -mcpu=cortex-m4 -std=gnu11 -g3 -DUSE_HAL_DRIVER -DDEBUG -DSTM32F407xx -c -I../Drivers/CMSIS/Include -I../Drivers/STM32F4xx_HAL_Driver/Inc -I../Core/Inc -I../Drivers/CMSIS/Device/ST/STM32F4xx/Include -I../Drivers/STM32F4xx_HAL_Driver/Inc/Legacy -O0 -ffunction-sections -fdata-sections -Wall -fstack-usage -MMD -MP -MF"Drivers/STM32F4xx_HAL_Driver/Src/stm32f4xx_hal_spi.d" -MT"Drivers/STM32F4xx_HAL_Driver/Src/stm32f4xx_hal_spi.o" --specs=nano.specs -mfpu=fpv4-sp-d16 -mfloat-abi=hard -mthumb -o "Drivers/STM32F4xx_HAL_Driver/Src/stm32f4xx_hal_spi.o"
../Drivers/STM32F4xx_HAL_Driver/Src/stm32f4xx_hal_spi.c: In function 'HAL_SPI_Transmit':
../Drivers/STM32F4xx_HAL_Driver/Src/stm32f4xx_hal_spi.c:846:7: warning: implicit declaration of function 'printf' [-Wimplicit-function-declaration]
       printf("x %d\r\n", (*hspi->pTxBuffPtr));
       ^~~~~~
../Drivers/STM32F4xx_HAL_Driver/Src/stm32f4xx_hal_spi.c:846:7: warning: incompatible implicit declaration of built-in function 'printf'
../Drivers/STM32F4xx_HAL_Driver/Src/stm32f4xx_hal_spi.c:846:7: note: include '<stdio.h>' or provide a declaration of 'printf'
../Drivers/STM32F4xx_HAL_Driver/Src/stm32f4xx_hal_spi.c:848:7: error: expected ',' or ';' before 'printf'
       printf("y %d\r\n", x);
       ^~~~~~
../Drivers/STM32F4xx_HAL_Driver/Src/stm32f4xx_hal_spi.c:847:15: warning: unused variable 'x' [-Wunused-variable]
       uint8_t x = (uint8_t)(hspi->Instance->DR)
               ^
make: *** [Drivers/STM32F4xx_HAL_Driver/Src/subdir.mk:89: Drivers/STM32F4xx_HAL_Driver/Src/stm32f4xx_hal_spi.o] Error 1
"make -j4 all" terminated with exit code 2. Build might be incomplete.
22:52:49 **** Incremental Build of configuration Debug for project F407VE_SPI_Slave_Test ****
make -j4 all 
arm-none-eabi-gcc "../Drivers/STM32F4xx_HAL_Driver/Src/stm32f4xx_hal_spi.c" -mcpu=cortex-m4 -std=gnu11 -g3 -DUSE_HAL_DRIVER -DDEBUG -DSTM32F407xx -c -I../Drivers/CMSIS/Include -I../Drivers/STM32F4xx_HAL_Driver/Inc -I../Core/Inc -I../Drivers/CMSIS/Device/ST/STM32F4xx/Include -I../Drivers/STM32F4xx_HAL_Driver/Inc/Legacy -O0 -ffunction-sections -fdata-sections -Wall -fstack-usage -MMD -MP -MF"Drivers/STM32F4xx_HAL_Driver/Src/stm32f4xx_hal_spi.d" -MT"Drivers/STM32F4xx_HAL_Driver/Src/stm32f4xx_hal_spi.o" --specs=nano.specs -mfpu=fpv4-sp-d16 -mfloat-abi=hard -mthumb -o "Drivers/STM32F4xx_HAL_Driver/Src/stm32f4xx_hal_spi.o"
../Drivers/STM32F4xx_HAL_Driver/Src/stm32f4xx_hal_spi.c: In function 'HAL_SPI_Transmit':
../Drivers/STM32F4xx_HAL_Driver/Src/stm32f4xx_hal_spi.c:846:7: warning: implicit declaration of function 'printf' [-Wimplicit-function-declaration]
       printf("x %d\r\n", (*hspi->pTxBuffPtr));
       ^~~~~~
../Drivers/STM32F4xx_HAL_Driver/Src/stm32f4xx_hal_spi.c:846:7: warning: incompatible implicit declaration of built-in function 'printf'
../Drivers/STM32F4xx_HAL_Driver/Src/stm32f4xx_hal_spi.c:846:7: note: include '<stdio.h>' or provide a declaration of 'printf'
arm-none-eabi-gcc -o "F407VE_SPI_Slave_Test.elf" @"objects.list"   -mcpu=cortex-m4 -T"C:\Users\Bico\Desktop\STM32_Learning_HAL_Driver\F407VE_SPI_Slave_Test\STM32F407VETX_FLASH.ld" --specs=nosys.specs -Wl,-Map="F407VE_SPI_Slave_Test.map" -Wl,--gc-sections -static --specs=nano.specs -mfpu=fpv4-sp-d16 -mfloat-abi=hard -mthumb -Wl,--start-group -lc -lm -Wl,--end-group
Finished building target: F407VE_SPI_Slave_Test.elf
 
arm-none-eabi-objdump -h -S  F407VE_SPI_Slave_Test.elf  > "F407VE_SPI_Slave_Test.list"
arm-none-eabi-size   F407VE_SPI_Slave_Test.elf 
   text	   data	    bss	    dec	    hex	filename
  13928	    124	   1676	  15728	   3d70	F407VE_SPI_Slave_Test.elf
Finished building: default.size.stdout
 
Finished building: F407VE_SPI_Slave_Test.list
 
22:53:09 **** Incremental Build of configuration Debug for project F407VE_SPI_Slave_Test ****
make -j4 all 
arm-none-eabi-size   F407VE_SPI_Slave_Test.elf 
   text	   data	    bss	    dec	    hex	filename
  13928	    124	   1676	  15728	   3d70	F407VE_SPI_Slave_Test.elf
Finished building: default.size.stdout
 
21:06:03 **** Build of configuration Debug for project F407VE_SPI_Slave_Test ****
make -j4 all 
arm-none-eabi-gcc "../Core/Src/main.c" -mcpu=cortex-m4 -std=gnu11 -g3 -DUSE_HAL_DRIVER -DDEBUG -DSTM32F407xx -c -I../Drivers/CMSIS/Include -I../Drivers/STM32F4xx_HAL_Driver/Inc -I../Core/Inc -I../Drivers/CMSIS/Device/ST/STM32F4xx/Include -I../Drivers/STM32F4xx_HAL_Driver/Inc/Legacy -O0 -ffunction-sections -fdata-sections -Wall -fstack-usage -MMD -MP -MF"Core/Src/main.d" -MT"Core/Src/main.o" --specs=nano.specs -mfpu=fpv4-sp-d16 -mfloat-abi=hard -mthumb -o "Core/Src/main.o"
arm-none-eabi-gcc -o "F407VE_SPI_Slave_Test.elf" @"objects.list"   -mcpu=cortex-m4 -T"C:\Users\Bico\Desktop\STM32_Learning_HAL_Driver\F407VE_SPI_Slave_Test\STM32F407VETX_FLASH.ld" --specs=nosys.specs -Wl,-Map="F407VE_SPI_Slave_Test.map" -Wl,--gc-sections -static --specs=nano.specs -mfpu=fpv4-sp-d16 -mfloat-abi=hard -mthumb -Wl,--start-group -lc -lm -Wl,--end-group
Finished building target: F407VE_SPI_Slave_Test.elf
 
arm-none-eabi-objdump -h -S  F407VE_SPI_Slave_Test.elf  > "F407VE_SPI_Slave_Test.list"
arm-none-eabi-size   F407VE_SPI_Slave_Test.elf 
   text	   data	    bss	    dec	    hex	filename
  13908	    124	   1676	  15708	   3d5c	F407VE_SPI_Slave_Test.elf
Finished building: default.size.stdout
 
Finished building: F407VE_SPI_Slave_Test.list
 
21:08:26 **** Incremental Build of configuration Debug for project F407VE_SPI_Slave_Test ****
make -j4 all 
arm-none-eabi-gcc "../Drivers/STM32F4xx_HAL_Driver/Src/stm32f4xx_hal_spi.c" -mcpu=cortex-m4 -std=gnu11 -g3 -DUSE_HAL_DRIVER -DDEBUG -DSTM32F407xx -c -I../Drivers/CMSIS/Include -I../Drivers/STM32F4xx_HAL_Driver/Inc -I../Core/Inc -I../Drivers/CMSIS/Device/ST/STM32F4xx/Include -I../Drivers/STM32F4xx_HAL_Driver/Inc/Legacy -O0 -ffunction-sections -fdata-sections -Wall -fstack-usage -MMD -MP -MF"Drivers/STM32F4xx_HAL_Driver/Src/stm32f4xx_hal_spi.d" -MT"Drivers/STM32F4xx_HAL_Driver/Src/stm32f4xx_hal_spi.o" --specs=nano.specs -mfpu=fpv4-sp-d16 -mfloat-abi=hard -mthumb -o "Drivers/STM32F4xx_HAL_Driver/Src/stm32f4xx_hal_spi.o"
arm-none-eabi-gcc -o "F407VE_SPI_Slave_Test.elf" @"objects.list"   -mcpu=cortex-m4 -T"C:\Users\Bico\Desktop\STM32_Learning_HAL_Driver\F407VE_SPI_Slave_Test\STM32F407VETX_FLASH.ld" --specs=nosys.specs -Wl,-Map="F407VE_SPI_Slave_Test.map" -Wl,--gc-sections -static --specs=nano.specs -mfpu=fpv4-sp-d16 -mfloat-abi=hard -mthumb -Wl,--start-group -lc -lm -Wl,--end-group
Finished building target: F407VE_SPI_Slave_Test.elf
 
arm-none-eabi-objdump -h -S  F407VE_SPI_Slave_Test.elf  > "F407VE_SPI_Slave_Test.list"
arm-none-eabi-size   F407VE_SPI_Slave_Test.elf 
   text	   data	    bss	    dec	    hex	filename
  13852	    124	   1676	  15652	   3d24	F407VE_SPI_Slave_Test.elf
Finished building: default.size.stdout
 
Finished building: F407VE_SPI_Slave_Test.list
 
21:15:43 **** Incremental Build of configuration Debug for project F407VE_SPI_Slave_Test ****
make -j4 all 
arm-none-eabi-size   F407VE_SPI_Slave_Test.elf 
   text	   data	    bss	    dec	    hex	filename
  13852	    124	   1676	  15652	   3d24	F407VE_SPI_Slave_Test.elf
Finished building: default.size.stdout
 
21:17:09 **** Incremental Build of configuration Debug for project F407VE_SPI_Slave_Test ****
make -j4 all 
arm-none-eabi-gcc "../Core/Src/main.c" -mcpu=cortex-m4 -std=gnu11 -g3 -DUSE_HAL_DRIVER -DDEBUG -DSTM32F407xx -c -I../Drivers/CMSIS/Include -I../Drivers/STM32F4xx_HAL_Driver/Inc -I../Core/Inc -I../Drivers/CMSIS/Device/ST/STM32F4xx/Include -I../Drivers/STM32F4xx_HAL_Driver/Inc/Legacy -O0 -ffunction-sections -fdata-sections -Wall -fstack-usage -MMD -MP -MF"Core/Src/main.d" -MT"Core/Src/main.o" --specs=nano.specs -mfpu=fpv4-sp-d16 -mfloat-abi=hard -mthumb -o "Core/Src/main.o"
arm-none-eabi-gcc -o "F407VE_SPI_Slave_Test.elf" @"objects.list"   -mcpu=cortex-m4 -T"C:\Users\Bico\Desktop\STM32_Learning_HAL_Driver\F407VE_SPI_Slave_Test\STM32F407VETX_FLASH.ld" --specs=nosys.specs -Wl,-Map="F407VE_SPI_Slave_Test.map" -Wl,--gc-sections -static --specs=nano.specs -mfpu=fpv4-sp-d16 -mfloat-abi=hard -mthumb -Wl,--start-group -lc -lm -Wl,--end-group
Finished building target: F407VE_SPI_Slave_Test.elf
 
arm-none-eabi-objdump -h -S  F407VE_SPI_Slave_Test.elf  > "F407VE_SPI_Slave_Test.list"
arm-none-eabi-size   F407VE_SPI_Slave_Test.elf 
   text	   data	    bss	    dec	    hex	filename
  13852	    124	   1676	  15652	   3d24	F407VE_SPI_Slave_Test.elf
Finished building: default.size.stdout
 
Finished building: F407VE_SPI_Slave_Test.list
 
21:19:45 **** Incremental Build of configuration Debug for project F407VE_SPI_Slave_Test ****
make -j4 all 
arm-none-eabi-gcc "../Core/Src/main.c" -mcpu=cortex-m4 -std=gnu11 -g3 -DUSE_HAL_DRIVER -DDEBUG -DSTM32F407xx -c -I../Drivers/CMSIS/Include -I../Drivers/STM32F4xx_HAL_Driver/Inc -I../Core/Inc -I../Drivers/CMSIS/Device/ST/STM32F4xx/Include -I../Drivers/STM32F4xx_HAL_Driver/Inc/Legacy -O0 -ffunction-sections -fdata-sections -Wall -fstack-usage -MMD -MP -MF"Core/Src/main.d" -MT"Core/Src/main.o" --specs=nano.specs -mfpu=fpv4-sp-d16 -mfloat-abi=hard -mthumb -o "Core/Src/main.o"
arm-none-eabi-gcc -o "F407VE_SPI_Slave_Test.elf" @"objects.list"   -mcpu=cortex-m4 -T"C:\Users\Bico\Desktop\STM32_Learning_HAL_Driver\F407VE_SPI_Slave_Test\STM32F407VETX_FLASH.ld" --specs=nosys.specs -Wl,-Map="F407VE_SPI_Slave_Test.map" -Wl,--gc-sections -static --specs=nano.specs -mfpu=fpv4-sp-d16 -mfloat-abi=hard -mthumb -Wl,--start-group -lc -lm -Wl,--end-group
Finished building target: F407VE_SPI_Slave_Test.elf
 
arm-none-eabi-objdump -h -S  F407VE_SPI_Slave_Test.elf  > "F407VE_SPI_Slave_Test.list"
arm-none-eabi-size   F407VE_SPI_Slave_Test.elf 
   text	   data	    bss	    dec	    hex	filename
  13220	    120	   1680	  15020	   3aac	F407VE_SPI_Slave_Test.elf
Finished building: default.size.stdout
 
Finished building: F407VE_SPI_Slave_Test.list
 
21:21:44 **** Incremental Build of configuration Debug for project F407VE_SPI_Slave_Test ****
make -j4 all 
arm-none-eabi-gcc "../Core/Src/main.c" -mcpu=cortex-m4 -std=gnu11 -g3 -DUSE_HAL_DRIVER -DDEBUG -DSTM32F407xx -c -I../Drivers/CMSIS/Include -I../Drivers/STM32F4xx_HAL_Driver/Inc -I../Core/Inc -I../Drivers/CMSIS/Device/ST/STM32F4xx/Include -I../Drivers/STM32F4xx_HAL_Driver/Inc/Legacy -O0 -ffunction-sections -fdata-sections -Wall -fstack-usage -MMD -MP -MF"Core/Src/main.d" -MT"Core/Src/main.o" --specs=nano.specs -mfpu=fpv4-sp-d16 -mfloat-abi=hard -mthumb -o "Core/Src/main.o"
arm-none-eabi-gcc -o "F407VE_SPI_Slave_Test.elf" @"objects.list"   -mcpu=cortex-m4 -T"C:\Users\Bico\Desktop\STM32_Learning_HAL_Driver\F407VE_SPI_Slave_Test\STM32F407VETX_FLASH.ld" --specs=nosys.specs -Wl,-Map="F407VE_SPI_Slave_Test.map" -Wl,--gc-sections -static --specs=nano.specs -mfpu=fpv4-sp-d16 -mfloat-abi=hard -mthumb -Wl,--start-group -lc -lm -Wl,--end-group
Finished building target: F407VE_SPI_Slave_Test.elf
 
arm-none-eabi-objdump -h -S  F407VE_SPI_Slave_Test.elf  > "F407VE_SPI_Slave_Test.list"
arm-none-eabi-size   F407VE_SPI_Slave_Test.elf 
   text	   data	    bss	    dec	    hex	filename
  13228	    120	   1680	  15028	   3ab4	F407VE_SPI_Slave_Test.elf
Finished building: default.size.stdout
 
Finished building: F407VE_SPI_Slave_Test.list
 
21:22:13 **** Incremental Build of configuration Debug for project F407VE_SPI_Slave_Test ****
make -j4 all 
arm-none-eabi-size   F407VE_SPI_Slave_Test.elf 
   text	   data	    bss	    dec	    hex	filename
  13228	    120	   1680	  15028	   3ab4	F407VE_SPI_Slave_Test.elf
Finished building: default.size.stdout
 
21:33:03 **** Incremental Build of configuration Debug for project F407VE_SPI_Slave_Test ****
make -j4 all 
arm-none-eabi-gcc "../Core/Src/main.c" -mcpu=cortex-m4 -std=gnu11 -g3 -DUSE_HAL_DRIVER -DDEBUG -DSTM32F407xx -c -I../Drivers/CMSIS/Include -I../Drivers/STM32F4xx_HAL_Driver/Inc -I../Core/Inc -I../Drivers/CMSIS/Device/ST/STM32F4xx/Include -I../Drivers/STM32F4xx_HAL_Driver/Inc/Legacy -O0 -ffunction-sections -fdata-sections -Wall -fstack-usage -MMD -MP -MF"Core/Src/main.d" -MT"Core/Src/main.o" --specs=nano.specs -mfpu=fpv4-sp-d16 -mfloat-abi=hard -mthumb -o "Core/Src/main.o"
arm-none-eabi-gcc -o "F407VE_SPI_Slave_Test.elf" @"objects.list"   -mcpu=cortex-m4 -T"C:\Users\Bico\Desktop\STM32_Learning_HAL_Driver\F407VE_SPI_Slave_Test\STM32F407VETX_FLASH.ld" --specs=nosys.specs -Wl,-Map="F407VE_SPI_Slave_Test.map" -Wl,--gc-sections -static --specs=nano.specs -mfpu=fpv4-sp-d16 -mfloat-abi=hard -mthumb -Wl,--start-group -lc -lm -Wl,--end-group
Finished building target: F407VE_SPI_Slave_Test.elf
 
arm-none-eabi-objdump -h -S  F407VE_SPI_Slave_Test.elf  > "F407VE_SPI_Slave_Test.list"
arm-none-eabi-size   F407VE_SPI_Slave_Test.elf 
   text	   data	    bss	    dec	    hex	filename
  13228	    120	   1680	  15028	   3ab4	F407VE_SPI_Slave_Test.elf
Finished building: default.size.stdout
 
Finished building: F407VE_SPI_Slave_Test.list
 
21:33:21 **** Incremental Build of configuration Debug for project F407VE_SPI_Slave_Test ****
make -j4 all 
arm-none-eabi-gcc "../Core/Src/main.c" -mcpu=cortex-m4 -std=gnu11 -g3 -DUSE_HAL_DRIVER -DDEBUG -DSTM32F407xx -c -I../Drivers/CMSIS/Include -I../Drivers/STM32F4xx_HAL_Driver/Inc -I../Core/Inc -I../Drivers/CMSIS/Device/ST/STM32F4xx/Include -I../Drivers/STM32F4xx_HAL_Driver/Inc/Legacy -O0 -ffunction-sections -fdata-sections -Wall -fstack-usage -MMD -MP -MF"Core/Src/main.d" -MT"Core/Src/main.o" --specs=nano.specs -mfpu=fpv4-sp-d16 -mfloat-abi=hard -mthumb -o "Core/Src/main.o"
arm-none-eabi-gcc -o "F407VE_SPI_Slave_Test.elf" @"objects.list"   -mcpu=cortex-m4 -T"C:\Users\Bico\Desktop\STM32_Learning_HAL_Driver\F407VE_SPI_Slave_Test\STM32F407VETX_FLASH.ld" --specs=nosys.specs -Wl,-Map="F407VE_SPI_Slave_Test.map" -Wl,--gc-sections -static --specs=nano.specs -mfpu=fpv4-sp-d16 -mfloat-abi=hard -mthumb -Wl,--start-group -lc -lm -Wl,--end-group
Finished building target: F407VE_SPI_Slave_Test.elf
 
arm-none-eabi-objdump -h -S  F407VE_SPI_Slave_Test.elf  > "F407VE_SPI_Slave_Test.list"
arm-none-eabi-size   F407VE_SPI_Slave_Test.elf 
   text	   data	    bss	    dec	    hex	filename
  13228	    120	   1680	  15028	   3ab4	F407VE_SPI_Slave_Test.elf
Finished building: default.size.stdout
 
Finished building: F407VE_SPI_Slave_Test.list
 
21:35:14 **** Incremental Build of configuration Debug for project F407VE_SPI_Slave_Test ****
make -j4 all 
arm-none-eabi-gcc "../Core/Src/main.c" -mcpu=cortex-m4 -std=gnu11 -g3 -DUSE_HAL_DRIVER -DDEBUG -DSTM32F407xx -c -I../Drivers/CMSIS/Include -I../Drivers/STM32F4xx_HAL_Driver/Inc -I../Core/Inc -I../Drivers/CMSIS/Device/ST/STM32F4xx/Include -I../Drivers/STM32F4xx_HAL_Driver/Inc/Legacy -O0 -ffunction-sections -fdata-sections -Wall -fstack-usage -MMD -MP -MF"Core/Src/main.d" -MT"Core/Src/main.o" --specs=nano.specs -mfpu=fpv4-sp-d16 -mfloat-abi=hard -mthumb -o "Core/Src/main.o"
arm-none-eabi-gcc -o "F407VE_SPI_Slave_Test.elf" @"objects.list"   -mcpu=cortex-m4 -T"C:\Users\Bico\Desktop\STM32_Learning_HAL_Driver\F407VE_SPI_Slave_Test\STM32F407VETX_FLASH.ld" --specs=nosys.specs -Wl,-Map="F407VE_SPI_Slave_Test.map" -Wl,--gc-sections -static --specs=nano.specs -mfpu=fpv4-sp-d16 -mfloat-abi=hard -mthumb -Wl,--start-group -lc -lm -Wl,--end-group
Finished building target: F407VE_SPI_Slave_Test.elf
 
arm-none-eabi-objdump -h -S  F407VE_SPI_Slave_Test.elf  > "F407VE_SPI_Slave_Test.list"
arm-none-eabi-size   F407VE_SPI_Slave_Test.elf 
   text	   data	    bss	    dec	    hex	filename
  13236	    120	   1680	  15036	   3abc	F407VE_SPI_Slave_Test.elf
Finished building: default.size.stdout
 
Finished building: F407VE_SPI_Slave_Test.list
 
21:44:46 **** Incremental Build of configuration Debug for project F407VE_SPI_Slave_Test ****
make -j4 all 
arm-none-eabi-gcc "../Core/Src/main.c" -mcpu=cortex-m4 -std=gnu11 -g3 -DUSE_HAL_DRIVER -DDEBUG -DSTM32F407xx -c -I../Drivers/CMSIS/Include -I../Drivers/STM32F4xx_HAL_Driver/Inc -I../Core/Inc -I../Drivers/CMSIS/Device/ST/STM32F4xx/Include -I../Drivers/STM32F4xx_HAL_Driver/Inc/Legacy -O0 -ffunction-sections -fdata-sections -Wall -fstack-usage -MMD -MP -MF"Core/Src/main.d" -MT"Core/Src/main.o" --specs=nano.specs -mfpu=fpv4-sp-d16 -mfloat-abi=hard -mthumb -o "Core/Src/main.o"
arm-none-eabi-gcc -o "F407VE_SPI_Slave_Test.elf" @"objects.list"   -mcpu=cortex-m4 -T"C:\Users\Bico\Desktop\STM32_Learning_HAL_Driver\F407VE_SPI_Slave_Test\STM32F407VETX_FLASH.ld" --specs=nosys.specs -Wl,-Map="F407VE_SPI_Slave_Test.map" -Wl,--gc-sections -static --specs=nano.specs -mfpu=fpv4-sp-d16 -mfloat-abi=hard -mthumb -Wl,--start-group -lc -lm -Wl,--end-group
Finished building target: F407VE_SPI_Slave_Test.elf
 
arm-none-eabi-objdump -h -S  F407VE_SPI_Slave_Test.elf  > "F407VE_SPI_Slave_Test.list"
arm-none-eabi-size   F407VE_SPI_Slave_Test.elf 
   text	   data	    bss	    dec	    hex	filename
  13248	    120	   1680	  15048	   3ac8	F407VE_SPI_Slave_Test.elf
Finished building: default.size.stdout
 
Finished building: F407VE_SPI_Slave_Test.list
 
21:45:07 **** Incremental Build of configuration Debug for project F407VE_SPI_Slave_Test ****
make -j4 all 
arm-none-eabi-size   F407VE_SPI_Slave_Test.elf 
   text	   data	    bss	    dec	    hex	filename
  13248	    120	   1680	  15048	   3ac8	F407VE_SPI_Slave_Test.elf
Finished building: default.size.stdout
 
21:46:03 **** Incremental Build of configuration Debug for project F407VE_SPI_Slave_Test ****
make -j4 all 
arm-none-eabi-gcc "../Core/Src/main.c" -mcpu=cortex-m4 -std=gnu11 -g3 -DUSE_HAL_DRIVER -DDEBUG -DSTM32F407xx -c -I../Drivers/CMSIS/Include -I../Drivers/STM32F4xx_HAL_Driver/Inc -I../Core/Inc -I../Drivers/CMSIS/Device/ST/STM32F4xx/Include -I../Drivers/STM32F4xx_HAL_Driver/Inc/Legacy -O0 -ffunction-sections -fdata-sections -Wall -fstack-usage -MMD -MP -MF"Core/Src/main.d" -MT"Core/Src/main.o" --specs=nano.specs -mfpu=fpv4-sp-d16 -mfloat-abi=hard -mthumb -o "Core/Src/main.o"
arm-none-eabi-gcc -o "F407VE_SPI_Slave_Test.elf" @"objects.list"   -mcpu=cortex-m4 -T"C:\Users\Bico\Desktop\STM32_Learning_HAL_Driver\F407VE_SPI_Slave_Test\STM32F407VETX_FLASH.ld" --specs=nosys.specs -Wl,-Map="F407VE_SPI_Slave_Test.map" -Wl,--gc-sections -static --specs=nano.specs -mfpu=fpv4-sp-d16 -mfloat-abi=hard -mthumb -Wl,--start-group -lc -lm -Wl,--end-group
Finished building target: F407VE_SPI_Slave_Test.elf
 
arm-none-eabi-objdump -h -S  F407VE_SPI_Slave_Test.elf  > "F407VE_SPI_Slave_Test.list"
arm-none-eabi-size   F407VE_SPI_Slave_Test.elf 
   text	   data	    bss	    dec	    hex	filename
  13248	    120	   1680	  15048	   3ac8	F407VE_SPI_Slave_Test.elf
Finished building: default.size.stdout
 
Finished building: F407VE_SPI_Slave_Test.list
 
21:13:13 **** Incremental Build of configuration Debug for project F407VE_SPI_Slave_Test ****
make -j4 all 
arm-none-eabi-gcc "../Core/Src/main.c" -mcpu=cortex-m4 -std=gnu11 -g3 -DUSE_HAL_DRIVER -DDEBUG -DSTM32F407xx -c -I../Drivers/CMSIS/Include -I../Drivers/STM32F4xx_HAL_Driver/Inc -I../Core/Inc -I../Drivers/CMSIS/Device/ST/STM32F4xx/Include -I../Drivers/STM32F4xx_HAL_Driver/Inc/Legacy -O0 -ffunction-sections -fdata-sections -Wall -fstack-usage -MMD -MP -MF"Core/Src/main.d" -MT"Core/Src/main.o" --specs=nano.specs -mfpu=fpv4-sp-d16 -mfloat-abi=hard -mthumb -o "Core/Src/main.o"
arm-none-eabi-gcc -o "F407VE_SPI_Slave_Test.elf" @"objects.list"   -mcpu=cortex-m4 -T"C:\Users\Bico\Desktop\STM32_Learning_HAL_Driver\F407VE_SPI_Slave_Test\STM32F407VETX_FLASH.ld" --specs=nosys.specs -Wl,-Map="F407VE_SPI_Slave_Test.map" -Wl,--gc-sections -static --specs=nano.specs -mfpu=fpv4-sp-d16 -mfloat-abi=hard -mthumb -Wl,--start-group -lc -lm -Wl,--end-group
Finished building target: F407VE_SPI_Slave_Test.elf
 
arm-none-eabi-objdump -h -S  F407VE_SPI_Slave_Test.elf  > "F407VE_SPI_Slave_Test.list"
arm-none-eabi-size   F407VE_SPI_Slave_Test.elf 
   text	   data	    bss	    dec	    hex	filename
   8952	     24	   1656	  10632	   2988	F407VE_SPI_Slave_Test.elf
Finished building: default.size.stdout
 
Finished building: F407VE_SPI_Slave_Test.list
 
21:15:17 **** Incremental Build of configuration Debug for project F407VE_SPI_Slave_Test ****
make -j4 all 
arm-none-eabi-gcc "../Core/Src/main.c" -mcpu=cortex-m4 -std=gnu11 -g3 -DUSE_HAL_DRIVER -DDEBUG -DSTM32F407xx -c -I../Drivers/CMSIS/Include -I../Drivers/STM32F4xx_HAL_Driver/Inc -I../Core/Inc -I../Drivers/CMSIS/Device/ST/STM32F4xx/Include -I../Drivers/STM32F4xx_HAL_Driver/Inc/Legacy -O0 -ffunction-sections -fdata-sections -Wall -fstack-usage -MMD -MP -MF"Core/Src/main.d" -MT"Core/Src/main.o" --specs=nano.specs -mfpu=fpv4-sp-d16 -mfloat-abi=hard -mthumb -o "Core/Src/main.o"
arm-none-eabi-gcc -o "F407VE_SPI_Slave_Test.elf" @"objects.list"   -mcpu=cortex-m4 -T"C:\Users\Bico\Desktop\STM32_Learning_HAL_Driver\F407VE_SPI_Slave_Test\STM32F407VETX_FLASH.ld" --specs=nosys.specs -Wl,-Map="F407VE_SPI_Slave_Test.map" -Wl,--gc-sections -static --specs=nano.specs -mfpu=fpv4-sp-d16 -mfloat-abi=hard -mthumb -Wl,--start-group -lc -lm -Wl,--end-group
Finished building target: F407VE_SPI_Slave_Test.elf
 
arm-none-eabi-objdump -h -S  F407VE_SPI_Slave_Test.elf  > "F407VE_SPI_Slave_Test.list"
arm-none-eabi-size   F407VE_SPI_Slave_Test.elf 
   text	   data	    bss	    dec	    hex	filename
  13220	    124	   1676	  15020	   3aac	F407VE_SPI_Slave_Test.elf
Finished building: default.size.stdout
 
Finished building: F407VE_SPI_Slave_Test.list
 
21:16:58 **** Incremental Build of configuration Debug for project F407VE_SPI_Slave_Test ****
make -j4 all 
arm-none-eabi-size   F407VE_SPI_Slave_Test.elf 
   text	   data	    bss	    dec	    hex	filename
  13220	    124	   1676	  15020	   3aac	F407VE_SPI_Slave_Test.elf
Finished building: default.size.stdout
 
21:21:53 **** Incremental Build of configuration Debug for project F407VE_SPI_Slave_Test ****
make -j4 all 
arm-none-eabi-gcc "../Core/Src/main.c" -mcpu=cortex-m4 -std=gnu11 -g3 -DUSE_HAL_DRIVER -DDEBUG -DSTM32F407xx -c -I../Drivers/CMSIS/Include -I../Drivers/STM32F4xx_HAL_Driver/Inc -I../Core/Inc -I../Drivers/CMSIS/Device/ST/STM32F4xx/Include -I../Drivers/STM32F4xx_HAL_Driver/Inc/Legacy -O0 -ffunction-sections -fdata-sections -Wall -fstack-usage -MMD -MP -MF"Core/Src/main.d" -MT"Core/Src/main.o" --specs=nano.specs -mfpu=fpv4-sp-d16 -mfloat-abi=hard -mthumb -o "Core/Src/main.o"
arm-none-eabi-gcc "../Core/Src/stm32f4xx_it.c" -mcpu=cortex-m4 -std=gnu11 -g3 -DUSE_HAL_DRIVER -DDEBUG -DSTM32F407xx -c -I../Drivers/CMSIS/Include -I../Drivers/STM32F4xx_HAL_Driver/Inc -I../Core/Inc -I../Drivers/CMSIS/Device/ST/STM32F4xx/Include -I../Drivers/STM32F4xx_HAL_Driver/Inc/Legacy -O0 -ffunction-sections -fdata-sections -Wall -fstack-usage -MMD -MP -MF"Core/Src/stm32f4xx_it.d" -MT"Core/Src/stm32f4xx_it.o" --specs=nano.specs -mfpu=fpv4-sp-d16 -mfloat-abi=hard -mthumb -o "Core/Src/stm32f4xx_it.o"
../Core/Src/stm32f4xx_it.c: In function 'SPI1_IRQHandler':
../Core/Src/stm32f4xx_it.c:208:2: warning: implicit declaration of function 'printf' [-Wimplicit-function-declaration]
  printf("%d\r\n", hspi1->Instance->DR);
  ^~~~~~
../Core/Src/stm32f4xx_it.c:208:2: warning: incompatible implicit declaration of built-in function 'printf'
../Core/Src/stm32f4xx_it.c:208:2: note: include '<stdio.h>' or provide a declaration of 'printf'
../Core/Src/stm32f4xx_it.c:208:24: error: invalid type argument of '->' (have 'SPI_HandleTypeDef {aka struct __SPI_HandleTypeDef}')
  printf("%d\r\n", hspi1->Instance->DR);
                        ^~
../Core/Src/stm32f4xx_it.c:210:24: error: invalid type argument of '->' (have 'SPI_HandleTypeDef {aka struct __SPI_HandleTypeDef}')
  printf("%d\r\n", hspi1->Instance->DR);
                        ^~
make: *** [Core/Src/subdir.mk:37: Core/Src/stm32f4xx_it.o] Error 1
make: *** Waiting for unfinished jobs....
"make -j4 all" terminated with exit code 2. Build might be incomplete.
21:27:20 **** Incremental Build of configuration Debug for project F407VE_SPI_Slave_Test ****
make -j4 all 
arm-none-eabi-gcc "../Core/Src/stm32f4xx_it.c" -mcpu=cortex-m4 -std=gnu11 -g3 -DUSE_HAL_DRIVER -DDEBUG -DSTM32F407xx -c -I../Drivers/CMSIS/Include -I../Drivers/STM32F4xx_HAL_Driver/Inc -I../Core/Inc -I../Drivers/CMSIS/Device/ST/STM32F4xx/Include -I../Drivers/STM32F4xx_HAL_Driver/Inc/Legacy -O0 -ffunction-sections -fdata-sections -Wall -fstack-usage -MMD -MP -MF"Core/Src/stm32f4xx_it.d" -MT"Core/Src/stm32f4xx_it.o" --specs=nano.specs -mfpu=fpv4-sp-d16 -mfloat-abi=hard -mthumb -o "Core/Src/stm32f4xx_it.o"
../Core/Src/stm32f4xx_it.c: In function 'SPI1_IRQHandler':
../Core/Src/stm32f4xx_it.c:208:2: warning: implicit declaration of function 'printf' [-Wimplicit-function-declaration]
  printf("%d\r\n", hspi1.Instance.DR);
  ^~~~~~
../Core/Src/stm32f4xx_it.c:208:2: warning: incompatible implicit declaration of built-in function 'printf'
../Core/Src/stm32f4xx_it.c:208:2: note: include '<stdio.h>' or provide a declaration of 'printf'
../Core/Src/stm32f4xx_it.c:208:33: error: 'hspi1.Instance' is a pointer; did you mean to use '->'?
[...]
arm-none-eabi-size   F407VE_SPI_Slave_Test.elf 
   text	   data	    bss	    dec	    hex	filename
  13628	    124	   1676	  15428	   3c44	F407VE_SPI_Slave_Test.elf
Finished building: default.size.stdout
 
Finished building: F407VE_SPI_Slave_Test.list
 
00:54:12 **** Incremental Build of configuration Debug for project F407VE_SPI_Slave_Test ****
make -j4 all 
arm-none-eabi-size   F407VE_SPI_Slave_Test.elf 
   text	   data	    bss	    dec	    hex	filename
  13628	    124	   1676	  15428	   3c44	F407VE_SPI_Slave_Test.elf
Finished building: default.size.stdout
 
00:55:00 **** Incremental Build of configuration Debug for project F407VE_SPI_Slave_Test ****
make -j4 all 
arm-none-eabi-size   F407VE_SPI_Slave_Test.elf 
   text	   data	    bss	    dec	    hex	filename
  13628	    124	   1676	  15428	   3c44	F407VE_SPI_Slave_Test.elf
Finished building: default.size.stdout
 
00:55:21 **** Incremental Build of configuration Debug for project F407VE_SPI_Slave_Test ****
make -j4 all 
arm-none-eabi-size   F407VE_SPI_Slave_Test.elf 
   text	   data	    bss	    dec	    hex	filename
  13628	    124	   1676	  15428	   3c44	F407VE_SPI_Slave_Test.elf
Finished building: default.size.stdout
 
00:55:48 **** Incremental Build of configuration Debug for project F407VE_SPI_Slave_Test ****
make -j4 all 
arm-none-eabi-size   F407VE_SPI_Slave_Test.elf 
   text	   data	    bss	    dec	    hex	filename
  13628	    124	   1676	  15428	   3c44	F407VE_SPI_Slave_Test.elf
Finished building: default.size.stdout
 
00:56:08 **** Incremental Build of configuration Debug for project F407VE_SPI_Slave_Test ****
make -j4 all 
arm-none-eabi-size   F407VE_SPI_Slave_Test.elf 
   text	   data	    bss	    dec	    hex	filename
  13628	    124	   1676	  15428	   3c44	F407VE_SPI_Slave_Test.elf
Finished building: default.size.stdout
 
00:56:31 **** Incremental Build of configuration Debug for project F407VE_SPI_Slave_Test ****
make -j4 all 
arm-none-eabi-size   F407VE_SPI_Slave_Test.elf 
   text	   data	    bss	    dec	    hex	filename
  13628	    124	   1676	  15428	   3c44	F407VE_SPI_Slave_Test.elf
Finished building: default.size.stdout
 
00:56:58 **** Incremental Build of configuration Debug for project F407VE_SPI_Slave_Test ****
make -j4 all 
arm-none-eabi-size   F407VE_SPI_Slave_Test.elf 
   text	   data	    bss	    dec	    hex	filename
  13628	    124	   1676	  15428	   3c44	F407VE_SPI_Slave_Test.elf
Finished building: default.size.stdout
 
00:57:18 **** Incremental Build of configuration Debug for project F407VE_SPI_Slave_Test ****
make -j4 all 
arm-none-eabi-gcc "../Core/Src/main.c" -mcpu=cortex-m4 -std=gnu11 -g3 -DUSE_HAL_DRIVER -DDEBUG -DSTM32F407xx -c -I../Drivers/CMSIS/Include -I../Drivers/STM32F4xx_HAL_Driver/Inc -I../Core/Inc -I../Drivers/CMSIS/Device/ST/STM32F4xx/Include -I../Drivers/STM32F4xx_HAL_Driver/Inc/Legacy -O0 -ffunction-sections -fdata-sections -Wall -fstack-usage -MMD -MP -MF"Core/Src/main.d" -MT"Core/Src/main.o" --specs=nano.specs -mfpu=fpv4-sp-d16 -mfloat-abi=hard -mthumb -o "Core/Src/main.o"
../Core/Src/main.c: In function 'main':
../Core/Src/main.c:78:1: error: expected expression before '.' token
 .  HAL_Init();
 ^
make: *** [Core/Src/subdir.mk:33: Core/Src/main.o] Error 1
"make -j4 all" terminated with exit code 2. Build might be incomplete.
00:57:34 **** Incremental Build of configuration Debug for project F407VE_SPI_Slave_Test ****
make -j4 all 
arm-none-eabi-gcc "../Core/Src/main.c" -mcpu=cortex-m4 -std=gnu11 -g3 -DUSE_HAL_DRIVER -DDEBUG -DSTM32F407xx -c -I../Drivers/CMSIS/Include -I../Drivers/STM32F4xx_HAL_Driver/Inc -I../Core/Inc -I../Drivers/CMSIS/Device/ST/STM32F4xx/Include -I../Drivers/STM32F4xx_HAL_Driver/Inc/Legacy -O0 -ffunction-sections -fdata-sections -Wall -fstack-usage -MMD -MP -MF"Core/Src/main.d" -MT"Core/Src/main.o" --specs=nano.specs -mfpu=fpv4-sp-d16 -mfloat-abi=hard -mthumb -o "Core/Src/main.o"
arm-none-eabi-gcc -o "F407VE_SPI_Slave_Test.elf" @"objects.list"   -mcpu=cortex-m4 -T"C:\Users\Bico\Desktop\STM32_Learning_HAL_Driver\F407VE_SPI_Slave_Test\STM32F407VETX_FLASH.ld" --specs=nosys.specs -Wl,-Map="F407VE_SPI_Slave_Test.map" -Wl,--gc-sections -static --specs=nano.specs -mfpu=fpv4-sp-d16 -mfloat-abi=hard -mthumb -Wl,--start-group -lc -lm -Wl,--end-group
Finished building target: F407VE_SPI_Slave_Test.elf
 
arm-none-eabi-objdump -h -S  F407VE_SPI_Slave_Test.elf  > "F407VE_SPI_Slave_Test.list"
arm-none-eabi-size   F407VE_SPI_Slave_Test.elf 
   text	   data	    bss	    dec	    hex	filename
  13628	    124	   1676	  15428	   3c44	F407VE_SPI_Slave_Test.elf
Finished building: default.size.stdout
 
Finished building: F407VE_SPI_Slave_Test.list
 
00:58:35 **** Incremental Build of configuration Debug for project F407VE_SPI_Slave_Test ****
make -j4 all 
arm-none-eabi-size   F407VE_SPI_Slave_Test.elf 
   text	   data	    bss	    dec	    hex	filename
  13628	    124	   1676	  15428	   3c44	F407VE_SPI_Slave_Test.elf
Finished building: default.size.stdout
 
00:59:26 **** Incremental Build of configuration Debug for project F407VE_SPI_Slave_Test ****
make -j4 all 
arm-none-eabi-size   F407VE_SPI_Slave_Test.elf 
   text	   data	    bss	    dec	    hex	filename
  13628	    124	   1676	  15428	   3c44	F407VE_SPI_Slave_Test.elf
Finished building: default.size.stdout
 
01:02:23 **** Incremental Build of configuration Debug for project F407VE_SPI_Slave_Test ****
make -j4 all 
arm-none-eabi-gcc "../Core/Src/system_stm32f4xx.c" -mcpu=cortex-m4 -std=gnu11 -g3 -DUSE_HAL_DRIVER -DDEBUG -DSTM32F407xx -c -I../Drivers/CMSIS/Include -I../Drivers/STM32F4xx_HAL_Driver/Inc -I../Core/Inc -I../Drivers/CMSIS/Device/ST/STM32F4xx/Include -I../Drivers/STM32F4xx_HAL_Driver/Inc/Legacy -O0 -ffunction-sections -fdata-sections -Wall -fstack-usage -MMD -MP -MF"Core/Src/system_stm32f4xx.d" -MT"Core/Src/system_stm32f4xx.o" --specs=nano.specs -mfpu=fpv4-sp-d16 -mfloat-abi=hard -mthumb -o "Core/Src/system_stm32f4xx.o"
arm-none-eabi-gcc "../Drivers/STM32F4xx_HAL_Driver/Src/stm32f4xx_hal.c" -mcpu=cortex-m4 -std=gnu11 -g3 -DUSE_HAL_DRIVER -DDEBUG -DSTM32F407xx -c -I../Drivers/CMSIS/Include -I../Drivers/STM32F4xx_HAL_Driver/Inc -I../Core/Inc -I../Drivers/CMSIS/Device/ST/STM32F4xx/Include -I../Drivers/STM32F4xx_HAL_Driver/Inc/Legacy -O0 -ffunction-sections -fdata-sections -Wall -fstack-usage -MMD -MP -MF"Drivers/STM32F4xx_HAL_Driver/Src/stm32f4xx_hal.d" -MT"Drivers/STM32F4xx_HAL_Driver/Src/stm32f4xx_hal.o" --specs=nano.specs -mfpu=fpv4-sp-d16 -mfloat-abi=hard -mthumb -o "Drivers/STM32F4xx_HAL_Driver/Src/stm32f4xx_hal.o"
arm-none-eabi-gcc "../Drivers/STM32F4xx_HAL_Driver/Src/stm32f4xx_hal_cortex.c" -mcpu=cortex-m4 -std=gnu11 -g3 -DUSE_HAL_DRIVER -DDEBUG -DSTM32F407xx -c -I../Drivers/CMSIS/Include -I../Drivers/STM32F4xx_HAL_Driver/Inc -I../Core/Inc -I../Drivers/CMSIS/Device/ST/STM32F4xx/Include -I../Drivers/STM32F4xx_HAL_Driver/Inc/Legacy -O0 -ffunction-sections -fdata-sections -Wall -fstack-usage -MMD -MP -MF"Drivers/STM32F4xx_HAL_Driver/Src/stm32f4xx_hal_cortex.d" -MT"Drivers/STM32F4xx_HAL_Driver/Src/stm32f4xx_hal_cortex.o" --specs=nano.specs -mfpu=fpv4-sp-d16 -mfloat-abi=hard -mthumb -o "Drivers/STM32F4xx_HAL_Driver/Src/stm32f4xx_hal_cortex.o"
arm-none-eabi-gcc "../Drivers/STM32F4xx_HAL_Driver/Src/stm32f4xx_hal_dma.c" -mcpu=cortex-m4 -std=gnu11 -g3 -DUSE_HAL_DRIVER -DDEBUG -DSTM32F407xx -c -I../Drivers/CMSIS/Include -I../Drivers/STM32F4xx_HAL_Driver/Inc -I../Core/Inc -I../Drivers/CMSIS/Device/ST/STM32F4xx/Include -I../Drivers/STM32F4xx_HAL_Driver/Inc/Legacy -O0 -ffunction-sections -fdata-sections -Wall -fstack-usage -MMD -MP -MF"Drivers/STM32F4xx_HAL_Driver/Src/stm32f4xx_hal_dma.d" -MT"Drivers/STM32F4xx_HAL_Driver/Src/stm32f4xx_hal_dma.o" --specs=nano.specs -mfpu=fpv4-sp-d16 -mfloat-abi=hard -mthumb -o "Drivers/STM32F4xx_HAL_Driver/Src/stm32f4xx_hal_dma.o"
arm-none-eabi-gcc "../Drivers/STM32F4xx_HAL_Driver/Src/stm32f4xx_hal_dma_ex.c" -mcpu=cortex-m4 -std=gnu11 -g3 -DUSE_HAL_DRIVER -DDEBUG -DSTM32F407xx -c -I../Drivers/CMSIS/Include -I../Drivers/STM32F4xx_HAL_Driver/Inc -I../Core/Inc -I../Drivers/CMSIS/Device/ST/STM32F4xx/Include -I../Drivers/STM32F4xx_HAL_Driver/Inc/Legacy -O0 -ffunction-sections -fdata-sections -Wall -fstack-usage -MMD -MP -MF"Drivers/STM32F4xx_HAL_Driver/Src/stm32f4xx_hal_dma_ex.d" -MT"Drivers/STM32F4xx_HAL_Driver/Src/stm32f4xx_hal_dma_ex.o" --specs=nano.specs -mfpu=fpv4-sp-d16 -mfloat-abi=hard -mthumb -o "Drivers/STM32F4xx_HAL_Driver/Src/stm32f4xx_hal_dma_ex.o"
arm-none-eabi-gcc "../Drivers/STM32F4xx_HAL_Driver/Src/stm32f4xx_hal_exti.c" -mcpu=cortex-m4 -std=gnu11 -g3 -DUSE_HAL_DRIVER -DDEBUG -DSTM32F407xx -c -I../Drivers/CMSIS/Include -I../Drivers/STM32F4xx_HAL_Driver/Inc -I../Core/Inc -I../Drivers/CMSIS/Device/ST/STM32F4xx/Include -I../Drivers/STM32F4xx_HAL_Driver/Inc/Legacy -O0 -ffunction-sections -fdata-sections -Wall -fstack-usage -MMD -MP -MF"Drivers/STM32F4xx_HAL_Driver/Src/stm32f4xx_hal_exti.d" -MT"Drivers/STM32F4xx_HAL_Driver/Src/stm32f4xx_hal_exti.o" --specs=nano.specs -mfpu=fpv4-sp-d16 -mfloat-abi=hard -mthumb -o "Drivers/STM32F4xx_HAL_Driver/Src/stm32f4xx_hal_exti.o"
arm-none-eabi-gcc "../Drivers/STM32F4xx_HAL_Driver/Src/stm32f4xx_hal_flash.c" -mcpu=cortex-m4 -std=gnu11 -g3 -DUSE_HAL_DRIVER -DDEBUG -DSTM32F407xx -c -I../Drivers/CMSIS/Include -I../Drivers/STM32F4xx_HAL_Driver/Inc -I../Core/Inc -I../Drivers/CMSIS/Device/ST/STM32F4xx/Include -I../Drivers/STM32F4xx_HAL_Driver/Inc/Legacy -O0 -ffunction-sections -fdata-sections -Wall -fstack-usage -MMD -MP -MF"Drivers/STM32F4xx_HAL_Driver/Src/stm32f4xx_hal_flash.d" -MT"Drivers/STM32F4xx_HAL_Driver/Src/stm32f4xx_hal_flash.o" --specs=nano.specs -mfpu=fpv4-sp-d16 -mfloat-abi=hard -mthumb -o "Drivers/STM32F4xx_HAL_Driver/Src/stm32f4xx_hal_flash.o"
arm-none-eabi-gcc "../Drivers/STM32F4xx_HAL_Driver/Src/stm32f4xx_hal_flash_ex.c" -mcpu=cortex-m4 -std=gnu11 -g3 -DUSE_HAL_DRIVER -DDEBUG -DSTM32F407xx -c -I../Drivers/CMSIS/Include -I../Drivers/STM32F4xx_HAL_Driver/Inc -I../Core/Inc -I../Drivers/CMSIS/Device/ST/STM32F4xx/Include -I../Drivers/STM32F4xx_HAL_Driver/Inc/Legacy -O0 -ffunction-sections -fdata-sections -Wall -fstack-usage -MMD -MP -MF"Drivers/STM32F4xx_HAL_Driver/Src/stm32f4xx_hal_flash_ex.d" -MT"Drivers/STM32F4xx_HAL_Driver/Src/stm32f4xx_hal_flash_ex.o" --specs=nano.specs -mfpu=fpv4-sp-d16 -mfloat-abi=hard -mthumb -o "Drivers/STM32F4xx_HAL_Driver/Src/stm32f4xx_hal_flash_ex.o"
arm-none-eabi-gcc "../Drivers/STM32F4xx_HAL_Driver/Src/stm32f4xx_hal_flash_ramfunc.c" -mcpu=cortex-m4 -std=gnu11 -g3 -DUSE_HAL_DRIVER -DDEBUG -DSTM32F407xx -c -I../Drivers/CMSIS/Include -I../Drivers/STM32F4xx_HAL_Driver/Inc -I../Core/Inc -I../Drivers/CMSIS/Device/ST/STM32F4xx/Include -I../Drivers/STM32F4xx_HAL_Driver/Inc/Legacy -O0 -ffunction-sections -fdata-sections -Wall -fstack-usage -MMD -MP -MF"Drivers/STM32F4xx_HAL_Driver/Src/stm32f4xx_hal_flash_ramfunc.d" -MT"Drivers/STM32F4xx_HAL_Driver/Src/stm32f4xx_hal_flash_ramfunc.o" --specs=nano.specs -mfpu=fpv4-sp-d16 -mfloat-abi=hard -mthumb -o "Drivers/STM32F4xx_HAL_Driver/Src/stm32f4xx_hal_flash_ramfunc.o"
arm-none-eabi-gcc "../Drivers/STM32F4xx_HAL_Driver/Src/stm32f4xx_hal_gpio.c" -mcpu=cortex-m4 -std=gnu11 -g3 -DUSE_HAL_DRIVER -DDEBUG -DSTM32F407xx -c -I../Drivers/CMSIS/Include -I../Drivers/STM32F4xx_HAL_Driver/Inc -I../Core/Inc -I../Drivers/CMSIS/Device/ST/STM32F4xx/Include -I../Drivers/STM32F4xx_HAL_Driver/Inc/Legacy -O0 -ffunction-sections -fdata-sections -Wall -fstack-usage -MMD -MP -MF"Drivers/STM32F4xx_HAL_Driver/Src/stm32f4xx_hal_gpio.d" -MT"Drivers/STM32F4xx_HAL_Driver/Src/stm32f4xx_hal_gpio.o" --specs=nano.specs -mfpu=fpv4-sp-d16 -mfloat-abi=hard -mthumb -o "Drivers/STM32F4xx_HAL_Driver/Src/stm32f4xx_hal_gpio.o"
arm-none-eabi-gcc "../Drivers/STM32F4xx_HAL_Driver/Src/stm32f4xx_hal_pwr.c" -mcpu=cortex-m4 -std=gnu11 -g3 -DUSE_HAL_DRIVER -DDEBUG -DSTM32F407xx -c -I../Drivers/CMSIS/Include -I../Drivers/STM32F4xx_HAL_Driver/Inc -I../Core/Inc -I../Drivers/CMSIS/Device/ST/STM32F4xx/Include -I../Drivers/STM32F4xx_HAL_Driver/Inc/Legacy -O0 -ffunction-sections -fdata-sections -Wall -fstack-usage -MMD -MP -MF"Drivers/STM32F4xx_HAL_Driver/Src/stm32f4xx_hal_pwr.d" -MT"Drivers/STM32F4xx_HAL_Driver/Src/stm32f4xx_hal_pwr.o" --specs=nano.specs -mfpu=fpv4-sp-d16 -mfloat-abi=hard -mthumb -o "Drivers/STM32F4xx_HAL_Driver/Src/stm32f4xx_hal_pwr.o"
arm-none-eabi-gcc "../Drivers/STM32F4xx_HAL_Driver/Src/stm32f4xx_hal_pwr_ex.c" -mcpu=cortex-m4 -std=gnu11 -g3 -DUSE_HAL_DRIVER -DDEBUG -DSTM32F407xx -c -I../Drivers/CMSIS/Include -I../Drivers/STM32F4xx_HAL_Driver/Inc -I../Core/Inc -I../Drivers/CMSIS/Device/ST/STM32F4xx/Include -I../Drivers/STM32F4xx_HAL_Driver/Inc/Legacy -O0 -ffunction-sections -fdata-sections -Wall -fstack-usage -MMD -MP -MF"Drivers/STM32F4xx_HAL_Driver/Src/stm32f4xx_hal_pwr_ex.d" -MT"Drivers/STM32F4xx_HAL_Driver/Src/stm32f4xx_hal_pwr_ex.o" --specs=nano.specs -mfpu=fpv4-sp-d16 -mfloat-abi=hard -mthumb -o "Drivers/STM32F4xx_HAL_Driver/Src/stm32f4xx_hal_pwr_ex.o"
arm-none-eabi-gcc "../Drivers/STM32F4xx_HAL_Driver/Src/stm32f4xx_hal_rcc.c" -mcpu=cortex-m4 -std=gnu11 -g3 -DUSE_HAL_DRIVER -DDEBUG -DSTM32F407xx -c -I../Drivers/CMSIS/Include -I../Drivers/STM32F4xx_HAL_Driver/Inc -I../Core/Inc -I../Drivers/CMSIS/Device/ST/STM32F4xx/Include -I../Drivers/STM32F4xx_HAL_Driver/Inc/Legacy -O0 -ffunction-sections -fdata-sections -Wall -fstack-usage -MMD -MP -MF"Drivers/STM32F4xx_HAL_Driver/Src/stm32f4xx_hal_rcc.d" -MT"Drivers/STM32F4xx_HAL_Driver/Src/stm32f4xx_hal_rcc.o" --specs=nano.specs -mfpu=fpv4-sp-d16 -mfloat-abi=hard -mthumb -o "Drivers/STM32F4xx_HAL_Driver/Src/stm32f4xx_hal_rcc.o"
arm-none-eabi-gcc "../Drivers/STM32F4xx_HAL_Driver/Src/stm32f4xx_hal_rcc_ex.c" -mcpu=cortex-m4 -std=gnu11 -g3 -DUSE_HAL_DRIVER -DDEBUG -DSTM32F407xx -c -I../Drivers/CMSIS/Include -I../Drivers/STM32F4xx_HAL_Driver/Inc -I../Core/Inc -I../Drivers/CMSIS/Device/ST/STM32F4xx/Include -I../Drivers/STM32F4xx_HAL_Driver/Inc/Legacy -O0 -ffunction-sections -fdata-sections -Wall -fstack-usage -MMD -MP -MF"Drivers/STM32F4xx_HAL_Driver/Src/stm32f4xx_hal_rcc_ex.d" -MT"Drivers/STM32F4xx_HAL_Driver/Src/stm32f4xx_hal_rcc_ex.o" --specs=nano.specs -mfpu=fpv4-sp-d16 -mfloat-abi=hard -mthumb -o "Drivers/STM32F4xx_HAL_Driver/Src/stm32f4xx_hal_rcc_ex.o"
arm-none-eabi-gcc "../Drivers/STM32F4xx_HAL_Driver/Src/stm32f4xx_hal_spi.c" -mcpu=cortex-m4 -std=gnu11 -g3 -DUSE_HAL_DRIVER -DDEBUG -DSTM32F407xx -c -I../Drivers/CMSIS/Include -I../Drivers/STM32F4xx_HAL_Driver/Inc -I../Core/Inc -I../Drivers/CMSIS/Device/ST/STM32F4xx/Include -I../Drivers/STM32F4xx_HAL_Driver/Inc/Legacy -O0 -ffunction-sections -fdata-sections -Wall -fstack-usage -MMD -MP -MF"Drivers/STM32F4xx_HAL_Driver/Src/stm32f4xx_hal_spi.d" -MT"Drivers/STM32F4xx_HAL_Driver/Src/stm32f4xx_hal_spi.o" --specs=nano.specs -mfpu=fpv4-sp-d16 -mfloat-abi=hard -mthumb -o "Drivers/STM32F4xx_HAL_Driver/Src/stm32f4xx_hal_spi.o"
arm-none-eabi-gcc "../Drivers/STM32F4xx_HAL_Driver/Src/stm32f4xx_hal_tim.c" -mcpu=cortex-m4 -std=gnu11 -g3 -DUSE_HAL_DRIVER -DDEBUG -DSTM32F407xx -c -I../Drivers/CMSIS/Include -I../Drivers/STM32F4xx_HAL_Driver/Inc -I../Core/Inc -I../Drivers/CMSIS/Device/ST/STM32F4xx/Include -I../Drivers/STM32F4xx_HAL_Driver/Inc/Legacy -O0 -ffunction-sections -fdata-sections -Wall -fstack-usage -MMD -MP -MF"Drivers/STM32F4xx_HAL_Driver/Src/stm32f4xx_hal_tim.d" -MT"Drivers/STM32F4xx_HAL_Driver/Src/stm32f4xx_hal_tim.o" --specs=nano.specs -mfpu=fpv4-sp-d16 -mfloat-abi=hard -mthumb -o "Drivers/STM32F4xx_HAL_Driver/Src/stm32f4xx_hal_tim.o"
arm-none-eabi-gcc "../Drivers/STM32F4xx_HAL_Driver/Src/stm32f4xx_hal_tim_ex.c" -mcpu=cortex-m4 -std=gnu11 -g3 -DUSE_HAL_DRIVER -DDEBUG -DSTM32F407xx -c -I../Drivers/CMSIS/Include -I../Drivers/STM32F4xx_HAL_Driver/Inc -I../Core/Inc -I../Drivers/CMSIS/Device/ST/STM32F4xx/Include -I../Drivers/STM32F4xx_HAL_Driver/Inc/Legacy -O0 -ffunction-sections -fdata-sections -Wall -fstack-usage -MMD -MP -MF"Drivers/STM32F4xx_HAL_Driver/Src/stm32f4xx_hal_tim_ex.d" -MT"Drivers/STM32F4xx_HAL_Driver/Src/stm32f4xx_hal_tim_ex.o" --specs=nano.specs -mfpu=fpv4-sp-d16 -mfloat-abi=hard -mthumb -o "Drivers/STM32F4xx_HAL_Driver/Src/stm32f4xx_hal_tim_ex.o"
arm-none-eabi-gcc "../Core/Src/main.c" -mcpu=cortex-m4 -std=gnu11 -g3 -DUSE_HAL_DRIVER -DDEBUG -DSTM32F407xx -c -I../Drivers/CMSIS/Include -I../Drivers/STM32F4xx_HAL_Driver/Inc -I../Core/Inc -I../Drivers/CMSIS/Device/ST/STM32F4xx/Include -I../Drivers/STM32F4xx_HAL_Driver/Inc/Legacy -O0 -ffunction-sections -fdata-sections -Wall -fstack-usage -MMD -MP -MF"Core/Src/main.d" -MT"Core/Src/main.o" --specs=nano.specs -mfpu=fpv4-sp-d16 -mfloat-abi=hard -mthumb -o "Core/Src/main.o"
arm-none-eabi-gcc "../Core/Src/stm32f4xx_hal_msp.c" -mcpu=cortex-m4 -std=gnu11 -g3 -DUSE_HAL_DRIVER -DDEBUG -DSTM32F407xx -c -I../Drivers/CMSIS/Include -I../Drivers/STM32F4xx_HAL_Driver/Inc -I../Core/Inc -I../Drivers/CMSIS/Device/ST/STM32F4xx/Include -I../Drivers/STM32F4xx_HAL_Driver/Inc/Legacy -O0 -ffunction-sections -fdata-sections -Wall -fstack-usage -MMD -MP -MF"Core/Src/stm32f4xx_hal_msp.d" -MT"Core/Src/stm32f4xx_hal_msp.o" --specs=nano.specs -mfpu=fpv4-sp-d16 -mfloat-abi=hard -mthumb -o "Core/Src/stm32f4xx_hal_msp.o"
arm-none-eabi-gcc "../Core/Src/stm32f4xx_it.c" -mcpu=cortex-m4 -std=gnu11 -g3 -DUSE_HAL_DRIVER -DDEBUG -DSTM32F407xx -c -I../Drivers/CMSIS/Include -I../Drivers/STM32F4xx_HAL_Driver/Inc -I../Core/Inc -I../Drivers/CMSIS/Device/ST/STM32F4xx/Include -I../Drivers/STM32F4xx_HAL_Driver/Inc/Legacy -O0 -ffunction-sections -fdata-sections -Wall -fstack-usage -MMD -MP -MF"Core/Src/stm32f4xx_it.d" -MT"Core/Src/stm32f4xx_it.o" --specs=nano.specs -mfpu=fpv4-sp-d16 -mfloat-abi=hard -mthumb -o "Core/Src/stm32f4xx_it.o"
arm-none-eabi-gcc -o "F407VE_SPI_Slave_Test.elf" @"objects.list"   -mcpu=cortex-m4 -T"C:\Users\Bico\Desktop\STM32_Learning_HAL_Driver\F407VE_SPI_Slave_Test\STM32F407VETX_FLASH.ld" --specs=nosys.specs -Wl,-Map="F407VE_SPI_Slave_Test.map" -Wl,--gc-sections -static --specs=nano.specs -mfpu=fpv4-sp-d16 -mfloat-abi=hard -mthumb -Wl,--start-group -lc -lm -Wl,--end-group
Finished building target: F407VE_SPI_Slave_Test.elf
 
arm-none-eabi-objdump -h -S  F407VE_SPI_Slave_Test.elf  > "F407VE_SPI_Slave_Test.list"
arm-none-eabi-size   F407VE_SPI_Slave_Test.elf 
   text	   data	    bss	    dec	    hex	filename
  13628	    124	   1676	  15428	   3c44	F407VE_SPI_Slave_Test.elf
Finished building: default.size.stdout
 
Finished building: F407VE_SPI_Slave_Test.list
 
01:04:41 **** Incremental Build of configuration Debug for project F407VE_SPI_Slave_Test ****
make -j4 all 
arm-none-eabi-gcc "../Core/Src/main.c" -mcpu=cortex-m4 -std=gnu11 -g3 -DUSE_HAL_DRIVER -DDEBUG -DSTM32F407xx -c -I../Drivers/CMSIS/Include -I../Drivers/STM32F4xx_HAL_Driver/Inc -I../Core/Inc -I../Drivers/CMSIS/Device/ST/STM32F4xx/Include -I../Drivers/STM32F4xx_HAL_Driver/Inc/Legacy -O0 -ffunction-sections -fdata-sections -Wall -fstack-usage -MMD -MP -MF"Core/Src/main.d" -MT"Core/Src/main.o" --specs=nano.specs -mfpu=fpv4-sp-d16 -mfloat-abi=hard -mthumb -o "Core/Src/main.o"
arm-none-eabi-gcc -o "F407VE_SPI_Slave_Test.elf" @"objects.list"   -mcpu=cortex-m4 -T"C:\Users\Bico\Desktop\STM32_Learning_HAL_Driver\F407VE_SPI_Slave_Test\STM32F407VETX_FLASH.ld" --specs=nosys.specs -Wl,-Map="F407VE_SPI_Slave_Test.map" -Wl,--gc-sections -static --specs=nano.specs -mfpu=fpv4-sp-d16 -mfloat-abi=hard -mthumb -Wl,--start-group -lc -lm -Wl,--end-group
Finished building target: F407VE_SPI_Slave_Test.elf
 
arm-none-eabi-objdump -h -S  F407VE_SPI_Slave_Test.elf  > "F407VE_SPI_Slave_Test.list"
arm-none-eabi-size   F407VE_SPI_Slave_Test.elf 
   text	   data	    bss	    dec	    hex	filename
  13628	    124	   1676	  15428	   3c44	F407VE_SPI_Slave_Test.elf
Finished building: default.size.stdout
 
Finished building: F407VE_SPI_Slave_Test.list
 
01:05:01 **** Incremental Build of configuration Debug for project F407VE_SPI_Slave_Test ****
make -j4 all 
arm-none-eabi-size   F407VE_SPI_Slave_Test.elf 
   text	   data	    bss	    dec	    hex	filename
  13628	    124	   1676	  15428	   3c44	F407VE_SPI_Slave_Test.elf
Finished building: default.size.stdout
 
