21:45:47 **** Incremental Build of configuration Debug for project HAL_I2C_Slave_Test ****
make -j4 all 
arm-none-eabi-gcc "../Core/Src/main.c" -mcpu=cortex-m4 -std=gnu11 -g3 -DUSE_HAL_DRIVER -DDEBUG -DSTM32F407xx -c -I../Drivers/CMSIS/Include -I../Drivers/STM32F4xx_HAL_Driver/Inc -I../Core/Inc -I../Drivers/CMSIS/Device/ST/STM32F4xx/Include -I../Drivers/STM32F4xx_HAL_Driver/Inc/Legacy -O0 -ffunction-sections -fdata-sections -Wall -fstack-usage -MMD -MP -MF"Core/Src/main.d" -MT"Core/Src/main.o" --specs=nano.specs -mfpu=fpv4-sp-d16 -mfloat-abi=hard -mthumb -o "Core/Src/main.o"
../Core/Src/main.c: In function 'HAL_I2C_AddrCallback':
../Core/Src/main.c:228:5: warning: this 'else' clause does not guard... [-Wmisleading-indentation]
     else
     ^~~~
../Core/Src/main.c:235:2: note: ...this statement, but the latter is misleadingly indented as if it were guarded by the 'else'
  HAL_I2C_EnableListen_IT(hi2c);
  ^~~~~~~~~~~~~~~~~~~~~~~
arm-none-eabi-gcc -o "HAL_I2C_Slave_Test.elf" @"objects.list"   -mcpu=cortex-m4 -T"C:\Users\Bico\Desktop\STM32_Learning_HAL_Driver\HAL_I2C_Slave_Test\STM32F407VETX_FLASH.ld" --specs=nosys.specs -Wl,-Map="HAL_I2C_Slave_Test.map" -Wl,--gc-sections -static --specs=nano.specs -mfpu=fpv4-sp-d16 -mfloat-abi=hard -mthumb -Wl,--start-group -lc -lm -Wl,--end-group
Finished building target: HAL_I2C_Slave_Test.elf
 
arm-none-eabi-objdump -h -S  HAL_I2C_Slave_Test.elf  > "HAL_I2C_Slave_Test.list"
arm-none-eabi-size   HAL_I2C_Slave_Test.elf 
   text	   data	    bss	    dec	    hex	filename
  18864	    128	   1680	  20672	   50c0	HAL_I2C_Slave_Test.elf
Finished building: default.size.stdout
 
Finished building: HAL_I2C_Slave_Test.list
 

21:46:03 Build Finished. 0 errors, 1 warnings. (took 16s.504ms)

